Component: ARM Compiler 6.12 Tool: armlink [5d624300]

==============================================================================

Section Cross References

    startup_stm32f030x8.o(RESET) refers to startup_stm32f030x8.o(STACK) for __initial_sp
    startup_stm32f030x8.o(RESET) refers to startup_stm32f030x8.o(.text) for Reset_Handler
    startup_stm32f030x8.o(RESET) refers to stm32f0xx_it.o(.text.NMI_Handler) for NMI_Handler
    startup_stm32f030x8.o(RESET) refers to stm32f0xx_it.o(.text.HardFault_Handler) for HardFault_Handler
    startup_stm32f030x8.o(RESET) refers to stm32f0xx_it.o(.text.SVC_Handler) for SVC_Handler
    startup_stm32f030x8.o(RESET) refers to stm32f0xx_it.o(.text.PendSV_Handler) for PendSV_Handler
    startup_stm32f030x8.o(RESET) refers to stm32f0xx_it.o(.text.SysTick_Handler) for SysTick_Handler
    startup_stm32f030x8.o(.text) refers to system_stm32f0xx.o(.text.SystemInit) for SystemInit
    startup_stm32f030x8.o(.text) refers to entry.o(.ARM.Collect$$$$00000000) for __main
    main.o(.text.main) refers to stm32f0xx_hal.o(.text.HAL_Init) for HAL_Init
    main.o(.text.main) refers to main.o(.text.SystemClock_Config) for SystemClock_Config
    main.o(.text.main) refers to gpio.o(.text.MX_GPIO_Init) for MX_GPIO_Init
    main.o(.text.main) refers to rtc.o(.text.MX_RTC_Init) for MX_RTC_Init
    main.o(.text.main) refers to spi.o(.text.MX_SPI1_Init) for MX_SPI1_Init
    main.o(.ARM.exidx.text.main) refers to main.o(.text.main) for [Anonymous Symbol]
    main.o(.text.SystemClock_Config) refers to memseta.o(.text) for __aeabi_memclr4
    main.o(.text.SystemClock_Config) refers to stm32f0xx_hal_rcc.o(.text.HAL_RCC_OscConfig) for HAL_RCC_OscConfig
    main.o(.text.SystemClock_Config) refers to stm32f0xx_hal_rcc.o(.text.HAL_RCC_ClockConfig) for HAL_RCC_ClockConfig
    main.o(.text.SystemClock_Config) refers to stm32f0xx_hal_rcc_ex.o(.text.HAL_RCCEx_PeriphCLKConfig) for HAL_RCCEx_PeriphCLKConfig
    main.o(.ARM.exidx.text.SystemClock_Config) refers to main.o(.text.SystemClock_Config) for [Anonymous Symbol]
    main.o(.ARM.exidx.text.Error_Handler) refers to main.o(.text.Error_Handler) for [Anonymous Symbol]
    gpio.o(.text.MX_GPIO_Init) refers to stm32f0xx_hal_gpio.o(.text.HAL_GPIO_WritePin) for HAL_GPIO_WritePin
    gpio.o(.text.MX_GPIO_Init) refers to stm32f0xx_hal_gpio.o(.text.HAL_GPIO_Init) for HAL_GPIO_Init
    gpio.o(.ARM.exidx.text.MX_GPIO_Init) refers to gpio.o(.text.MX_GPIO_Init) for [Anonymous Symbol]
    rtc.o(.text.MX_RTC_Init) refers to memseta.o(.text) for __aeabi_memclr4
    rtc.o(.text.MX_RTC_Init) refers to stm32f0xx_hal_rtc.o(.text.HAL_RTC_Init) for HAL_RTC_Init
    rtc.o(.text.MX_RTC_Init) refers to main.o(.text.Error_Handler) for Error_Handler
    rtc.o(.text.MX_RTC_Init) refers to stm32f0xx_hal_rtc.o(.text.HAL_RTC_SetTime) for HAL_RTC_SetTime
    rtc.o(.text.MX_RTC_Init) refers to stm32f0xx_hal_rtc.o(.text.HAL_RTC_SetDate) for HAL_RTC_SetDate
    rtc.o(.text.MX_RTC_Init) refers to rtc.o(.bss.hrtc) for hrtc
    rtc.o(.ARM.exidx.text.MX_RTC_Init) refers to rtc.o(.text.MX_RTC_Init) for [Anonymous Symbol]
    rtc.o(.ARM.exidx.text.HAL_RTC_MspInit) refers to rtc.o(.text.HAL_RTC_MspInit) for [Anonymous Symbol]
    rtc.o(.ARM.exidx.text.HAL_RTC_MspDeInit) refers to rtc.o(.text.HAL_RTC_MspDeInit) for [Anonymous Symbol]
    spi.o(.text.MX_SPI1_Init) refers to stm32f0xx_hal_spi.o(.text.HAL_SPI_Init) for HAL_SPI_Init
    spi.o(.text.MX_SPI1_Init) refers to main.o(.text.Error_Handler) for Error_Handler
    spi.o(.text.MX_SPI1_Init) refers to spi.o(.bss.hspi1) for hspi1
    spi.o(.ARM.exidx.text.MX_SPI1_Init) refers to spi.o(.text.MX_SPI1_Init) for [Anonymous Symbol]
    spi.o(.text.HAL_SPI_MspInit) refers to memseta.o(.text) for __aeabi_memclr4
    spi.o(.text.HAL_SPI_MspInit) refers to stm32f0xx_hal_gpio.o(.text.HAL_GPIO_Init) for HAL_GPIO_Init
    spi.o(.ARM.exidx.text.HAL_SPI_MspInit) refers to spi.o(.text.HAL_SPI_MspInit) for [Anonymous Symbol]
    spi.o(.text.HAL_SPI_MspDeInit) refers to stm32f0xx_hal_gpio.o(.text.HAL_GPIO_DeInit) for HAL_GPIO_DeInit
    spi.o(.ARM.exidx.text.HAL_SPI_MspDeInit) refers to spi.o(.text.HAL_SPI_MspDeInit) for [Anonymous Symbol]
    stm32f0xx_it.o(.ARM.exidx.text.NMI_Handler) refers to stm32f0xx_it.o(.text.NMI_Handler) for [Anonymous Symbol]
    stm32f0xx_it.o(.ARM.exidx.text.HardFault_Handler) refers to stm32f0xx_it.o(.text.HardFault_Handler) for [Anonymous Symbol]
    stm32f0xx_it.o(.ARM.exidx.text.SVC_Handler) refers to stm32f0xx_it.o(.text.SVC_Handler) for [Anonymous Symbol]
    stm32f0xx_it.o(.ARM.exidx.text.PendSV_Handler) refers to stm32f0xx_it.o(.text.PendSV_Handler) for [Anonymous Symbol]
    stm32f0xx_it.o(.text.SysTick_Handler) refers to stm32f0xx_hal.o(.text.HAL_IncTick) for HAL_IncTick
    stm32f0xx_it.o(.ARM.exidx.text.SysTick_Handler) refers to stm32f0xx_it.o(.text.SysTick_Handler) for [Anonymous Symbol]
    stm32f0xx_hal_msp.o(.ARM.exidx.text.HAL_MspInit) refers to stm32f0xx_hal_msp.o(.text.HAL_MspInit) for [Anonymous Symbol]
[...]
    stm32f0xx_hal_spi.o(.ARM.exidx.text.HAL_SPI_TxRxCpltCallback) refers to stm32f0xx_hal_spi.o(.text.HAL_SPI_TxRxCpltCallback) for [Anonymous Symbol]
    stm32f0xx_hal_spi.o(.ARM.exidx.text.HAL_SPI_TxHalfCpltCallback) refers to stm32f0xx_hal_spi.o(.text.HAL_SPI_TxHalfCpltCallback) for [Anonymous Symbol]
    stm32f0xx_hal_spi.o(.ARM.exidx.text.HAL_SPI_RxHalfCpltCallback) refers to stm32f0xx_hal_spi.o(.text.HAL_SPI_RxHalfCpltCallback) for [Anonymous Symbol]
    stm32f0xx_hal_spi.o(.ARM.exidx.text.HAL_SPI_TxRxHalfCpltCallback) refers to stm32f0xx_hal_spi.o(.text.HAL_SPI_TxRxHalfCpltCallback) for [Anonymous Symbol]
    stm32f0xx_hal_spi.o(.ARM.exidx.text.HAL_SPI_GetState) refers to stm32f0xx_hal_spi.o(.text.HAL_SPI_GetState) for [Anonymous Symbol]
    stm32f0xx_hal_spi.o(.ARM.exidx.text.HAL_SPI_GetError) refers to stm32f0xx_hal_spi.o(.text.HAL_SPI_GetError) for [Anonymous Symbol]
    stm32f0xx_hal_spi.o(.text.SPI_CloseRxTx_ISR) refers to stm32f0xx_hal.o(.text.HAL_GetTick) for HAL_GetTick
    stm32f0xx_hal_spi.o(.text.SPI_CloseRxTx_ISR) refers to stm32f0xx_hal_spi.o(.text.SPI_EndRxTxTransaction) for SPI_EndRxTxTransaction
    stm32f0xx_hal_spi.o(.text.SPI_CloseRxTx_ISR) refers to stm32f0xx_hal_spi.o(.text.HAL_SPI_ErrorCallback) for HAL_SPI_ErrorCallback
    stm32f0xx_hal_spi.o(.text.SPI_CloseRxTx_ISR) refers to stm32f0xx_hal_spi.o(.text.HAL_SPI_RxCpltCallback) for HAL_SPI_RxCpltCallback
    stm32f0xx_hal_spi.o(.text.SPI_CloseRxTx_ISR) refers to stm32f0xx_hal_spi.o(.text.HAL_SPI_TxRxCpltCallback) for HAL_SPI_TxRxCpltCallback
    stm32f0xx_hal_spi.o(.ARM.exidx.text.SPI_CloseRxTx_ISR) refers to stm32f0xx_hal_spi.o(.text.SPI_CloseRxTx_ISR) for [Anonymous Symbol]
    stm32f0xx_hal_spi.o(.text.SPI_CloseRx_ISR) refers to stm32f0xx_hal.o(.text.HAL_GetTick) for HAL_GetTick
    stm32f0xx_hal_spi.o(.text.SPI_CloseRx_ISR) refers to stm32f0xx_hal_spi.o(.text.SPI_EndRxTransaction) for SPI_EndRxTransaction
    stm32f0xx_hal_spi.o(.text.SPI_CloseRx_ISR) refers to stm32f0xx_hal_spi.o(.text.HAL_SPI_ErrorCallback) for HAL_SPI_ErrorCallback
    stm32f0xx_hal_spi.o(.text.SPI_CloseRx_ISR) refers to stm32f0xx_hal_spi.o(.text.HAL_SPI_RxCpltCallback) for HAL_SPI_RxCpltCallback
    stm32f0xx_hal_spi.o(.ARM.exidx.text.SPI_CloseRx_ISR) refers to stm32f0xx_hal_spi.o(.text.SPI_CloseRx_ISR) for [Anonymous Symbol]
    stm32f0xx_hal_spi.o(.text.SPI_CloseTx_ISR) refers to stm32f0xx_hal.o(.text.HAL_GetTick) for HAL_GetTick
    stm32f0xx_hal_spi.o(.text.SPI_CloseTx_ISR) refers to stm32f0xx_hal_spi.o(.text.SPI_EndRxTxTransaction) for SPI_EndRxTxTransaction
    stm32f0xx_hal_spi.o(.text.SPI_CloseTx_ISR) refers to stm32f0xx_hal_spi.o(.text.HAL_SPI_ErrorCallback) for HAL_SPI_ErrorCallback
    stm32f0xx_hal_spi.o(.text.SPI_CloseTx_ISR) refers to stm32f0xx_hal_spi.o(.text.HAL_SPI_TxCpltCallback) for HAL_SPI_TxCpltCallback
    stm32f0xx_hal_spi.o(.ARM.exidx.text.SPI_CloseTx_ISR) refers to stm32f0xx_hal_spi.o(.text.SPI_CloseTx_ISR) for [Anonymous Symbol]
    stm32f0xx_hal_spi_ex.o(.ARM.exidx.text.HAL_SPIEx_FlushRxFifo) refers to stm32f0xx_hal_spi_ex.o(.text.HAL_SPIEx_FlushRxFifo) for [Anonymous Symbol]
    system_stm32f0xx.o(.ARM.exidx.text.SystemInit) refers to system_stm32f0xx.o(.text.SystemInit) for [Anonymous Symbol]
    system_stm32f0xx.o(.text.SystemCoreClockUpdate) refers to uidiv.o(.text) for __aeabi_uidiv
    system_stm32f0xx.o(.text.SystemCoreClockUpdate) refers to system_stm32f0xx.o(.data.SystemCoreClock) for SystemCoreClock
    system_stm32f0xx.o(.text.SystemCoreClockUpdate) refers to system_stm32f0xx.o(.rodata.AHBPrescTable) for AHBPrescTable
    system_stm32f0xx.o(.ARM.exidx.text.SystemCoreClockUpdate) refers to system_stm32f0xx.o(.text.SystemCoreClockUpdate) for [Anonymous Symbol]
    entry.o(.ARM.Collect$$$$00000000) refers (Special) to entry10a.o(.ARM.Collect$$$$0000000D) for __rt_final_cpp
    entry.o(.ARM.Collect$$$$00000000) refers (Special) to entry11a.o(.ARM.Collect$$$$0000000F) for __rt_final_exit
    entry.o(.ARM.Collect$$$$00000000) refers (Special) to entry7b.o(.ARM.Collect$$$$00000008) for _main_clock
    entry.o(.ARM.Collect$$$$00000000) refers (Special) to entry8b.o(.ARM.Collect$$$$0000000A) for _main_cpp_init
    entry.o(.ARM.Collect$$$$00000000) refers (Special) to entry9a.o(.ARM.Collect$$$$0000000B) for _main_init
    entry.o(.ARM.Collect$$$$00000000) refers (Special) to entry5.o(.ARM.Collect$$$$00000004) for _main_scatterload
    entry.o(.ARM.Collect$$$$00000000) refers (Special) to entry2.o(.ARM.Collect$$$$00000001) for _main_stk
    entry2.o(.ARM.Collect$$$$00000001) refers to entry2.o(.ARM.Collect$$$$00002712) for __lit__00000000
    entry2.o(.ARM.Collect$$$$00002712) refers to startup_stm32f030x8.o(STACK) for __initial_sp
    entry2.o(__vectab_stack_and_reset_area) refers to startup_stm32f030x8.o(STACK) for __initial_sp
    entry2.o(__vectab_stack_and_reset_area) refers to entry.o(.ARM.Collect$$$$00000000) for __main
    entry5.o(.ARM.Collect$$$$00000004) refers to init.o(.text) for __scatterload
    entry9a.o(.ARM.Collect$$$$0000000B) refers to main.o(.text.main) for main
    entry9b.o(.ARM.Collect$$$$0000000C) refers to main.o(.text.main) for main
    init.o(.text) refers to entry5.o(.ARM.Collect$$$$00000004) for __main_after_scatterload


==============================================================================

Removing Unused input sections from the image.

    Removing startup_stm32f030x8.o(HEAP), (512 bytes).
    Removing main.o(.text), (0 bytes).
    Removing main.o(.ARM.exidx.text.main), (8 bytes).
    Removing main.o(.ARM.exidx.text.SystemClock_Config), (8 bytes).
    Removing main.o(.ARM.exidx.text.Error_Handler), (8 bytes).
    Removing main.o(.ARM.use_no_argv), (4 bytes).
    Removing gpio.o(.text), (0 bytes).
    Removing gpio.o(.ARM.exidx.text.MX_GPIO_Init), (8 bytes).
    Removing rtc.o(.text), (0 bytes).
    Removing rtc.o(.ARM.exidx.text.MX_RTC_Init), (8 bytes).
    Removing rtc.o(.ARM.exidx.text.HAL_RTC_MspInit), (8 bytes).
    Removing rtc.o(.text.HAL_RTC_MspDeInit), (32 bytes).
    Removing rtc.o(.ARM.exidx.text.HAL_RTC_MspDeInit), (8 bytes).
    Removing spi.o(.text), (0 bytes).
    Removing spi.o(.ARM.exidx.text.MX_SPI1_Init), (8 bytes).
    Removing spi.o(.ARM.exidx.text.HAL_SPI_MspInit), (8 bytes).
    Removing spi.o(.text.HAL_SPI_MspDeInit), (44 bytes).
    Removing spi.o(.ARM.exidx.text.HAL_SPI_MspDeInit), (8 bytes).
    Removing stm32f0xx_it.o(.text), (0 bytes).
    Removing stm32f0xx_it.o(.ARM.exidx.text.NMI_Handler), (8 bytes).
    Removing stm32f0xx_it.o(.ARM.exidx.text.HardFault_Handler), (8 bytes).
    Removing stm32f0xx_it.o(.ARM.exidx.text.SVC_Handler), (8 bytes).
    Removing stm32f0xx_it.o(.ARM.exidx.text.PendSV_Handler), (8 bytes).
    Removing stm32f0xx_it.o(.ARM.exidx.text.SysTick_Handler), (8 bytes).
    Removing stm32f0xx_hal_msp.o(.text), (0 bytes).
    Removing stm32f0xx_hal_msp.o(.ARM.exidx.text.HAL_MspInit), (8 bytes).
    Removing ssd1306.o(.text), (0 bytes).
    Removing stm32f0xx_hal_rtc.o(.text), (0 bytes).
    Removing stm32f0xx_hal_rtc.o(.ARM.exidx.text.HAL_RTC_Init), (8 bytes).
    Removing stm32f0xx_hal_rtc.o(.text.HAL_RTC_MspInit), (2 bytes).
    Removing stm32f0xx_hal_rtc.o(.ARM.exidx.text.HAL_RTC_MspInit), (8 bytes).
    Removing stm32f0xx_hal_rtc.o(.ARM.exidx.text.RTC_EnterInitMode), (8 bytes).
    Removing stm32f0xx_hal_rtc.o(.ARM.exidx.text.RTC_ExitInitMode), (8 bytes).
    Removing stm32f0xx_hal_rtc.o(.text.HAL_RTC_DeInit), (104 bytes).
    Removing stm32f0xx_hal_rtc.o(.ARM.exidx.text.HAL_RTC_DeInit), (8 bytes).
    Removing stm32f0xx_hal_rtc.o(.text.HAL_RTC_MspDeInit), (2 bytes).
    Removing stm32f0xx_hal_rtc.o(.ARM.exidx.text.HAL_RTC_MspDeInit), (8 bytes).
    Removing stm32f0xx_hal_rtc.o(.ARM.exidx.text.HAL_RTC_SetTime), (8 bytes).
    Removing stm32f0xx_hal_rtc.o(.ARM.exidx.text.RTC_ByteToBcd2), (8 bytes).
    Removing stm32f0xx_hal_rtc.o(.text.HAL_RTC_GetTime), (100 bytes).
    Removing stm32f0xx_hal_rtc.o(.ARM.exidx.text.HAL_RTC_GetTime), (8 bytes).
    Removing stm32f0xx_hal_rtc.o(.text.RTC_Bcd2ToByte), (16 bytes).
    Removing stm32f0xx_hal_rtc.o(.ARM.exidx.text.RTC_Bcd2ToByte), (8 bytes).
    Removing stm32f0xx_hal_rtc.o(.ARM.exidx.text.HAL_RTC_SetDate), (8 bytes).
    Removing stm32f0xx_hal_rtc.o(.text.HAL_RTC_GetDate), (82 bytes).
    Removing stm32f0xx_hal_rtc.o(.ARM.exidx.text.HAL_RTC_GetDate), (8 bytes).
    Removing stm32f0xx_hal_rtc.o(.text.HAL_RTC_SetAlarm), (276 bytes).
    Removing stm32f0xx_hal_rtc.o(.ARM.exidx.text.HAL_RTC_SetAlarm), (8 bytes).
    Removing stm32f0xx_hal_rtc.o(.text.HAL_RTC_SetAlarm_IT), (300 bytes).
    Removing stm32f0xx_hal_rtc.o(.ARM.exidx.text.HAL_RTC_SetAlarm_IT), (8 bytes).
    Removing stm32f0xx_hal_rtc.o(.text.HAL_RTC_DeactivateAlarm), (108 bytes).
    Removing stm32f0xx_hal_rtc.o(.ARM.exidx.text.HAL_RTC_DeactivateAlarm), (8 bytes).
    Removing stm32f0xx_hal_rtc.o(.text.HAL_RTC_GetAlarm), (156 bytes).
    Removing stm32f0xx_hal_rtc.o(.ARM.exidx.text.HAL_RTC_GetAlarm), (8 bytes).
    Removing stm32f0xx_hal_rtc.o(.text.HAL_RTC_AlarmIRQHandler), (56 bytes).
    Removing stm32f0xx_hal_rtc.o(.ARM.exidx.text.HAL_RTC_AlarmIRQHandler), (8 bytes).
    Removing stm32f0xx_hal_rtc.o(.text.HAL_RTC_AlarmAEventCallback), (2 bytes).
    Removing stm32f0xx_hal_rtc.o(.ARM.exidx.text.HAL_RTC_AlarmAEventCallback), (8 bytes).
    Removing stm32f0xx_hal_rtc.o(.text.HAL_RTC_PollForAlarmAEvent), (76 bytes).
    Removing stm32f0xx_hal_rtc.o(.ARM.exidx.text.HAL_RTC_PollForAlarmAEvent), (8 bytes).
    Removing stm32f0xx_hal_rtc.o(.ARM.exidx.text.HAL_RTC_WaitForSynchro), (8 bytes).
    Removing stm32f0xx_hal_rtc.o(.text.HAL_RTC_DST_Add1Hour), (26 bytes).
    Removing stm32f0xx_hal_rtc.o(.ARM.exidx.text.HAL_RTC_DST_Add1Hour), (8 bytes).
    Removing stm32f0xx_hal_rtc.o(.text.HAL_RTC_DST_Sub1Hour), (26 bytes).
    Removing stm32f0xx_hal_rtc.o(.ARM.exidx.text.HAL_RTC_DST_Sub1Hour), (8 bytes).
    Removing stm32f0xx_hal_rtc.o(.text.HAL_RTC_DST_SetStoreOperation), (26 bytes).
    Removing stm32f0xx_hal_rtc.o(.ARM.exidx.text.HAL_RTC_DST_SetStoreOperation), (8 bytes).
    Removing stm32f0xx_hal_rtc.o(.text.HAL_RTC_DST_ClearStoreOperation), (26 bytes).
    Removing stm32f0xx_hal_rtc.o(.ARM.exidx.text.HAL_RTC_DST_ClearStoreOperation), (8 bytes).
    Removing stm32f0xx_hal_rtc.o(.text.HAL_RTC_DST_ReadStoreOperation), (12 bytes).
    Removing stm32f0xx_hal_rtc.o(.ARM.exidx.text.HAL_RTC_DST_ReadStoreOperation), (8 bytes).
    Removing stm32f0xx_hal_rtc.o(.text.HAL_RTC_GetState), (4 bytes).
    Removing stm32f0xx_hal_rtc.o(.ARM.exidx.text.HAL_RTC_GetState), (8 bytes).
    Removing stm32f0xx_hal_rtc_ex.o(.text), (0 bytes).
    Removing stm32f0xx_hal_rtc_ex.o(.text.HAL_RTCEx_SetTimeStamp), (92 bytes).
    Removing stm32f0xx_hal_rtc_ex.o(.ARM.exidx.text.HAL_RTCEx_SetTimeStamp), (8 bytes).
    Removing stm32f0xx_hal_rtc_ex.o(.text.HAL_RTCEx_SetTimeStamp_IT), (120 bytes).
    Removing stm32f0xx_hal_rtc_ex.o(.ARM.exidx.text.HAL_RTCEx_SetTimeStamp_IT), (8 bytes).
    Removing stm32f0xx_hal_rtc_ex.o(.text.HAL_RTCEx_DeactivateTimeStamp), (64 bytes).
    Removing stm32f0xx_hal_rtc_ex.o(.ARM.exidx.text.HAL_RTCEx_DeactivateTimeStamp), (8 bytes).
    Removing stm32f0xx_hal_rtc_ex.o(.text.HAL_RTCEx_GetTimeStamp), (136 bytes).
    Removing stm32f0xx_hal_rtc_ex.o(.ARM.exidx.text.HAL_RTCEx_GetTimeStamp), (8 bytes).
    Removing stm32f0xx_hal_rtc_ex.o(.text.HAL_RTCEx_SetTamper), (84 bytes).
    Removing stm32f0xx_hal_rtc_ex.o(.ARM.exidx.text.HAL_RTCEx_SetTamper), (8 bytes).
    Removing stm32f0xx_hal_rtc_ex.o(.text.HAL_RTCEx_SetTamper_IT), (104 bytes).
    Removing stm32f0xx_hal_rtc_ex.o(.ARM.exidx.text.HAL_RTCEx_SetTamper_IT), (8 bytes).
    Removing stm32f0xx_hal_rtc_ex.o(.text.HAL_RTCEx_DeactivateTamper), (34 bytes).
    Removing stm32f0xx_hal_rtc_ex.o(.ARM.exidx.text.HAL_RTCEx_DeactivateTamper), (8 bytes).
    Removing stm32f0xx_hal_rtc_ex.o(.text.HAL_RTCEx_TamperTimeStampIRQHandler), (128 bytes).
    Removing stm32f0xx_hal_rtc_ex.o(.ARM.exidx.text.HAL_RTCEx_TamperTimeStampIRQHandler), (8 bytes).
    Removing stm32f0xx_hal_rtc_ex.o(.text.HAL_RTCEx_TimeStampEventCallback), (2 bytes).
    Removing stm32f0xx_hal_rtc_ex.o(.ARM.exidx.text.HAL_RTCEx_TimeStampEventCallback), (8 bytes).
    Removing stm32f0xx_hal_rtc_ex.o(.text.HAL_RTCEx_Tamper1EventCallback), (2 bytes).
    Removing stm32f0xx_hal_rtc_ex.o(.ARM.exidx.text.HAL_RTCEx_Tamper1EventCallback), (8 bytes).
    Removing stm32f0xx_hal_rtc_ex.o(.text.HAL_RTCEx_Tamper2EventCallback), (2 bytes).
    Removing stm32f0xx_hal_rtc_ex.o(.ARM.exidx.text.HAL_RTCEx_Tamper2EventCallback), (8 bytes).
    Removing stm32f0xx_hal_rtc_ex.o(.text.HAL_RTCEx_PollForTimeStampEvent), (88 bytes).
    Removing stm32f0xx_hal_rtc_ex.o(.ARM.exidx.text.HAL_RTCEx_PollForTimeStampEvent), (8 bytes).
    Removing stm32f0xx_hal_rtc_ex.o(.text.HAL_RTCEx_PollForTamper1Event), (76 bytes).
    Removing stm32f0xx_hal_rtc_ex.o(.ARM.exidx.text.HAL_RTCEx_PollForTamper1Event), (8 bytes).
    Removing stm32f0xx_hal_rtc_ex.o(.text.HAL_RTCEx_PollForTamper2Event), (76 bytes).
    Removing stm32f0xx_hal_rtc_ex.o(.ARM.exidx.text.HAL_RTCEx_PollForTamper2Event), (8 bytes).
    Removing stm32f0xx_hal_rtc_ex.o(.text.HAL_RTCEx_SetSmoothCalib), (120 bytes).
    Removing stm32f0xx_hal_rtc_ex.o(.ARM.exidx.text.HAL_RTCEx_SetSmoothCalib), (8 bytes).
    Removing stm32f0xx_hal_rtc_ex.o(.text.HAL_RTCEx_SetSynchroShift), (128 bytes).
    Removing stm32f0xx_hal_rtc_ex.o(.ARM.exidx.text.HAL_RTCEx_SetSynchroShift), (8 bytes).
    Removing stm32f0xx_hal_rtc_ex.o(.text.HAL_RTCEx_SetCalibrationOutPut), (64 bytes).
    Removing stm32f0xx_hal_rtc_ex.o(.ARM.exidx.text.HAL_RTCEx_SetCalibrationOutPut), (8 bytes).
    Removing stm32f0xx_hal_rtc_ex.o(.text.HAL_RTCEx_DeactivateCalibrationOutPut), (50 bytes).
    Removing stm32f0xx_hal_rtc_ex.o(.ARM.exidx.text.HAL_RTCEx_DeactivateCalibrationOutPut), (8 bytes).
    Removing stm32f0xx_hal_rtc_ex.o(.text.HAL_RTCEx_SetRefClock), (78 bytes).
    Removing stm32f0xx_hal_rtc_ex.o(.ARM.exidx.text.HAL_RTCEx_SetRefClock), (8 bytes).
    Removing stm32f0xx_hal_rtc_ex.o(.text.HAL_RTCEx_DeactivateRefClock), (78 bytes).
    Removing stm32f0xx_hal_rtc_ex.o(.ARM.exidx.text.HAL_RTCEx_DeactivateRefClock), (8 bytes).
    Removing stm32f0xx_hal_rtc_ex.o(.text.HAL_RTCEx_EnableBypassShadow), (48 bytes).
    Removing stm32f0xx_hal_rtc_ex.o(.ARM.exidx.text.HAL_RTCEx_EnableBypassShadow), (8 bytes).
    Removing stm32f0xx_hal_rtc_ex.o(.text.HAL_RTCEx_DisableBypassShadow), (48 bytes).
    Removing stm32f0xx_hal_rtc_ex.o(.ARM.exidx.text.HAL_RTCEx_DisableBypassShadow), (8 bytes).
    Removing stm32f0xx_hal_rcc.o(.text), (0 bytes).
    Removing stm32f0xx_hal_rcc.o(.text.HAL_RCC_DeInit), (180 bytes).
    Removing stm32f0xx_hal_rcc.o(.ARM.exidx.text.HAL_RCC_DeInit), (8 bytes).
    Removing stm32f0xx_hal_rcc.o(.ARM.exidx.text.HAL_RCC_OscConfig), (8 bytes).
    Removing stm32f0xx_hal_rcc.o(.ARM.exidx.text.HAL_RCC_ClockConfig), (8 bytes).
    Removing stm32f0xx_hal_rcc.o(.ARM.exidx.text.HAL_RCC_GetSysClockFreq), (8 bytes).
    Removing stm32f0xx_hal_rcc.o(.text.HAL_RCC_MCOConfig), (76 bytes).
    Removing stm32f0xx_hal_rcc.o(.ARM.exidx.text.HAL_RCC_MCOConfig), (8 bytes).
    Removing stm32f0xx_hal_rcc.o(.text.HAL_RCC_EnableCSS), (20 bytes).
    Removing stm32f0xx_hal_rcc.o(.ARM.exidx.text.HAL_RCC_EnableCSS), (8 bytes).
    Removing stm32f0xx_hal_rcc.o(.text.HAL_RCC_DisableCSS), (20 bytes).
    Removing stm32f0xx_hal_rcc.o(.ARM.exidx.text.HAL_RCC_DisableCSS), (8 bytes).
    Removing stm32f0xx_hal_rcc.o(.text.HAL_RCC_GetHCLKFreq), (12 bytes).
    Removing stm32f0xx_hal_rcc.o(.ARM.exidx.text.HAL_RCC_GetHCLKFreq), (8 bytes).
    Removing stm32f0xx_hal_rcc.o(.text.HAL_RCC_GetPCLK1Freq), (32 bytes).
    Removing stm32f0xx_hal_rcc.o(.ARM.exidx.text.HAL_RCC_GetPCLK1Freq), (8 bytes).
    Removing stm32f0xx_hal_rcc.o(.text.HAL_RCC_GetOscConfig), (132 bytes).
    Removing stm32f0xx_hal_rcc.o(.ARM.exidx.text.HAL_RCC_GetOscConfig), (8 bytes).
    Removing stm32f0xx_hal_rcc.o(.text.HAL_RCC_GetClockConfig), (52 bytes).
    Removing stm32f0xx_hal_rcc.o(.ARM.exidx.text.HAL_RCC_GetClockConfig), (8 bytes).
    Removing stm32f0xx_hal_rcc.o(.text.HAL_RCC_NMI_IRQHandler), (24 bytes).
    Removing stm32f0xx_hal_rcc.o(.ARM.exidx.text.HAL_RCC_NMI_IRQHandler), (8 bytes).
    Removing stm32f0xx_hal_rcc.o(.text.HAL_RCC_CSSCallback), (2 bytes).
    Removing stm32f0xx_hal_rcc.o(.ARM.exidx.text.HAL_RCC_CSSCallback), (8 bytes).
    Removing stm32f0xx_hal_rcc_ex.o(.text), (0 bytes).
    Removing stm32f0xx_hal_rcc_ex.o(.ARM.exidx.text.HAL_RCCEx_PeriphCLKConfig), (8 bytes).
    Removing stm32f0xx_hal_rcc_ex.o(.text.HAL_RCCEx_GetPeriphCLKConfig), (44 bytes).
    Removing stm32f0xx_hal_rcc_ex.o(.ARM.exidx.text.HAL_RCCEx_GetPeriphCLKConfig), (8 bytes).
    Removing stm32f0xx_hal_rcc_ex.o(.text.HAL_RCCEx_GetPeriphCLKFreq), (160 bytes).
    Removing stm32f0xx_hal_rcc_ex.o(.ARM.exidx.text.HAL_RCCEx_GetPeriphCLKFreq), (8 bytes).
    Removing stm32f0xx_hal.o(.text), (0 bytes).
    Removing stm32f0xx_hal.o(.ARM.exidx.text.HAL_Init), (8 bytes).
    Removing stm32f0xx_hal.o(.ARM.exidx.text.HAL_InitTick), (8 bytes).
    Removing stm32f0xx_hal.o(.text.HAL_MspInit), (2 bytes).
    Removing stm32f0xx_hal.o(.ARM.exidx.text.HAL_MspInit), (8 bytes).
    Removing stm32f0xx_hal.o(.text.HAL_DeInit), (32 bytes).
    Removing stm32f0xx_hal.o(.ARM.exidx.text.HAL_DeInit), (8 bytes).
    Removing stm32f0xx_hal.o(.text.HAL_MspDeInit), (2 bytes).
    Removing stm32f0xx_hal.o(.ARM.exidx.text.HAL_MspDeInit), (8 bytes).
    Removing stm32f0xx_hal.o(.ARM.exidx.text.HAL_IncTick), (8 bytes).
    Removing stm32f0xx_hal.o(.ARM.exidx.text.HAL_GetTick), (8 bytes).
    Removing stm32f0xx_hal.o(.text.HAL_GetTickPrio), (12 bytes).
    Removing stm32f0xx_hal.o(.ARM.exidx.text.HAL_GetTickPrio), (8 bytes).
    Removing stm32f0xx_hal.o(.text.HAL_SetTickFreq), (36 bytes).
    Removing stm32f0xx_hal.o(.ARM.exidx.text.HAL_SetTickFreq), (8 bytes).
    Removing stm32f0xx_hal.o(.text.HAL_GetTickFreq), (12 bytes).
    Removing stm32f0xx_hal.o(.ARM.exidx.text.HAL_GetTickFreq), (8 bytes).
    Removing stm32f0xx_hal.o(.text.HAL_Delay), (36 bytes).
    Removing stm32f0xx_hal.o(.ARM.exidx.text.HAL_Delay), (8 bytes).
    Removing stm32f0xx_hal.o(.text.HAL_SuspendTick), (16 bytes).
    Removing stm32f0xx_hal.o(.ARM.exidx.text.HAL_SuspendTick), (8 bytes).
    Removing stm32f0xx_hal.o(.text.HAL_ResumeTick), (16 bytes).
    Removing stm32f0xx_hal.o(.ARM.exidx.text.HAL_ResumeTick), (8 bytes).
    Removing stm32f0xx_hal.o(.text.HAL_GetHalVersion), (8 bytes).
    Removing stm32f0xx_hal.o(.ARM.exidx.text.HAL_GetHalVersion), (8 bytes).
    Removing stm32f0xx_hal.o(.text.HAL_GetREVID), (12 bytes).
    Removing stm32f0xx_hal.o(.ARM.exidx.text.HAL_GetREVID), (8 bytes).
    Removing stm32f0xx_hal.o(.text.HAL_GetDEVID), (20 bytes).
    Removing stm32f0xx_hal.o(.ARM.exidx.text.HAL_GetDEVID), (8 bytes).
    Removing stm32f0xx_hal.o(.text.HAL_GetUIDw0), (12 bytes).
    Removing stm32f0xx_hal.o(.ARM.exidx.text.HAL_GetUIDw0), (8 bytes).
    Removing stm32f0xx_hal.o(.text.HAL_GetUIDw1), (12 bytes).
    Removing stm32f0xx_hal.o(.ARM.exidx.text.HAL_GetUIDw1), (8 bytes).
    Removing stm32f0xx_hal.o(.text.HAL_GetUIDw2), (12 bytes).
    Removing stm32f0xx_hal.o(.ARM.exidx.text.HAL_GetUIDw2), (8 bytes).
    Removing stm32f0xx_hal.o(.text.HAL_DBGMCU_EnableDBGStopMode), (16 bytes).
    Removing stm32f0xx_hal.o(.ARM.exidx.text.HAL_DBGMCU_EnableDBGStopMode), (8 bytes).
    Removing stm32f0xx_hal.o(.text.HAL_DBGMCU_DisableDBGStopMode), (16 bytes).
    Removing stm32f0xx_hal.o(.ARM.exidx.text.HAL_DBGMCU_DisableDBGStopMode), (8 bytes).
    Removing stm32f0xx_hal.o(.text.HAL_DBGMCU_EnableDBGStandbyMode), (16 bytes).
    Removing stm32f0xx_hal.o(.ARM.exidx.text.HAL_DBGMCU_EnableDBGStandbyMode), (8 bytes).
    Removing stm32f0xx_hal.o(.text.HAL_DBGMCU_DisableDBGStandbyMode), (16 bytes).
    Removing stm32f0xx_hal.o(.ARM.exidx.text.HAL_DBGMCU_DisableDBGStandbyMode), (8 bytes).
    Removing stm32f0xx_hal_i2c.o(.text), (0 bytes).
    Removing stm32f0xx_hal_i2c.o(.text.HAL_I2C_Init), (168 bytes).
    Removing stm32f0xx_hal_i2c.o(.ARM.exidx.text.HAL_I2C_Init), (8 bytes).
    Removing stm32f0xx_hal_i2c.o(.text.HAL_I2C_MspInit), (2 bytes).
    Removing stm32f0xx_hal_i2c.o(.ARM.exidx.text.HAL_I2C_MspInit), (8 bytes).
    Removing stm32f0xx_hal_i2c.o(.text.HAL_I2C_DeInit), (52 bytes).
    Removing stm32f0xx_hal_i2c.o(.ARM.exidx.text.HAL_I2C_DeInit), (8 bytes).
    Removing stm32f0xx_hal_i2c.o(.text.HAL_I2C_MspDeInit), (2 bytes).
    Removing stm32f0xx_hal_i2c.o(.ARM.exidx.text.HAL_I2C_MspDeInit), (8 bytes).
    Removing stm32f0xx_hal_i2c.o(.text.HAL_I2C_Master_Transmit), (328 bytes).
    Removing stm32f0xx_hal_i2c.o(.ARM.exidx.text.HAL_I2C_Master_Transmit), (8 bytes).
    Removing stm32f0xx_hal_i2c.o(.text.I2C_WaitOnFlagUntilTimeout), (98 bytes).
    Removing stm32f0xx_hal_i2c.o(.ARM.exidx.text.I2C_WaitOnFlagUntilTimeout), (8 bytes).
    Removing stm32f0xx_hal_i2c.o(.text.I2C_TransferConfig), (48 bytes).
    Removing stm32f0xx_hal_i2c.o(.ARM.exidx.text.I2C_TransferConfig), (8 bytes).
    Removing stm32f0xx_hal_i2c.o(.text.I2C_WaitOnTXISFlagUntilTimeout), (90 bytes).
    Removing stm32f0xx_hal_i2c.o(.ARM.exidx.text.I2C_WaitOnTXISFlagUntilTimeout), (8 bytes).
    Removing stm32f0xx_hal_i2c.o(.text.I2C_WaitOnSTOPFlagUntilTimeout), (86 bytes).
    Removing stm32f0xx_hal_i2c.o(.ARM.exidx.text.I2C_WaitOnSTOPFlagUntilTimeout), (8 bytes).
    Removing stm32f0xx_hal_i2c.o(.text.HAL_I2C_Master_Receive), (332 bytes).
    Removing stm32f0xx_hal_i2c.o(.ARM.exidx.text.HAL_I2C_Master_Receive), (8 bytes).
    Removing stm32f0xx_hal_i2c.o(.text.I2C_WaitOnRXNEFlagUntilTimeout), (152 bytes).
    Removing stm32f0xx_hal_i2c.o(.ARM.exidx.text.I2C_WaitOnRXNEFlagUntilTimeout), (8 bytes).
    Removing stm32f0xx_hal_i2c.o(.text.HAL_I2C_Slave_Transmit), (410 bytes).
    Removing stm32f0xx_hal_i2c.o(.ARM.exidx.text.HAL_I2C_Slave_Transmit), (8 bytes).
    Removing stm32f0xx_hal_i2c.o(.text.I2C_Flush_TXDR), (28 bytes).
    Removing stm32f0xx_hal_i2c.o(.ARM.exidx.text.I2C_Flush_TXDR), (8 bytes).
    Removing stm32f0xx_hal_i2c.o(.text.HAL_I2C_Slave_Receive), (340 bytes).
    Removing stm32f0xx_hal_i2c.o(.ARM.exidx.text.HAL_I2C_Slave_Receive), (8 bytes).
    Removing stm32f0xx_hal_i2c.o(.text.HAL_I2C_Master_Transmit_IT), (128 bytes).
    Removing stm32f0xx_hal_i2c.o(.ARM.exidx.text.HAL_I2C_Master_Transmit_IT), (8 bytes).
    Removing stm32f0xx_hal_i2c.o(.text.I2C_Master_ISR_IT), (320 bytes).
    Removing stm32f0xx_hal_i2c.o(.ARM.exidx.text.I2C_Master_ISR_IT), (8 bytes).
    Removing stm32f0xx_hal_i2c.o(.text.I2C_Enable_IRQ), (124 bytes).
    Removing stm32f0xx_hal_i2c.o(.ARM.exidx.text.I2C_Enable_IRQ), (8 bytes).
    Removing stm32f0xx_hal_i2c.o(.text.HAL_I2C_Master_Receive_IT), (128 bytes).
    Removing stm32f0xx_hal_i2c.o(.ARM.exidx.text.HAL_I2C_Master_Receive_IT), (8 bytes).
    Removing stm32f0xx_hal_i2c.o(.text.HAL_I2C_Slave_Transmit_IT), (132 bytes).
    Removing stm32f0xx_hal_i2c.o(.ARM.exidx.text.HAL_I2C_Slave_Transmit_IT), (8 bytes).
    Removing stm32f0xx_hal_i2c.o(.text.I2C_Slave_ISR_IT), (280 bytes).
    Removing stm32f0xx_hal_i2c.o(.ARM.exidx.text.I2C_Slave_ISR_IT), (8 bytes).
    Removing stm32f0xx_hal_i2c.o(.text.HAL_I2C_Slave_Receive_IT), (96 bytes).
    Removing stm32f0xx_hal_i2c.o(.ARM.exidx.text.HAL_I2C_Slave_Receive_IT), (8 bytes).
    Removing stm32f0xx_hal_i2c.o(.text.HAL_I2C_Master_Transmit_DMA), (312 bytes).
    Removing stm32f0xx_hal_i2c.o(.ARM.exidx.text.HAL_I2C_Master_Transmit_DMA), (8 bytes).
    Removing stm32f0xx_hal_i2c.o(.text.I2C_Master_ISR_DMA), (256 bytes).
    Removing stm32f0xx_hal_i2c.o(.ARM.exidx.text.I2C_Master_ISR_DMA), (8 bytes).
    Removing stm32f0xx_hal_i2c.o(.text.I2C_DMAMasterTransmitCplt), (80 bytes).
    Removing stm32f0xx_hal_i2c.o(.ARM.exidx.text.I2C_DMAMasterTransmitCplt), (8 bytes).
    Removing stm32f0xx_hal_i2c.o(.text.I2C_DMAError), (24 bytes).
    Removing stm32f0xx_hal_i2c.o(.ARM.exidx.text.I2C_DMAError), (8 bytes).
    Removing stm32f0xx_hal_i2c.o(.text.HAL_I2C_Master_Receive_DMA), (312 bytes).
    Removing stm32f0xx_hal_i2c.o(.ARM.exidx.text.HAL_I2C_Master_Receive_DMA), (8 bytes).
    Removing stm32f0xx_hal_i2c.o(.text.I2C_DMAMasterReceiveCplt), (80 bytes).
    Removing stm32f0xx_hal_i2c.o(.ARM.exidx.text.I2C_DMAMasterReceiveCplt), (8 bytes).
    Removing stm32f0xx_hal_i2c.o(.text.HAL_I2C_Slave_Transmit_DMA), (272 bytes).
    Removing stm32f0xx_hal_i2c.o(.ARM.exidx.text.HAL_I2C_Slave_Transmit_DMA), (8 bytes).
    Removing stm32f0xx_hal_i2c.o(.text.I2C_Slave_ISR_DMA), (324 bytes).
    Removing stm32f0xx_hal_i2c.o(.ARM.exidx.text.I2C_Slave_ISR_DMA), (8 bytes).
    Removing stm32f0xx_hal_i2c.o(.text.I2C_DMASlaveTransmitCplt), (32 bytes).
    Removing stm32f0xx_hal_i2c.o(.ARM.exidx.text.I2C_DMASlaveTransmitCplt), (8 bytes).
    Removing stm32f0xx_hal_i2c.o(.text.HAL_I2C_Slave_Receive_DMA), (216 bytes).
    Removing stm32f0xx_hal_i2c.o(.ARM.exidx.text.HAL_I2C_Slave_Receive_DMA), (8 bytes).
    Removing stm32f0xx_hal_i2c.o(.text.I2C_DMASlaveReceiveCplt), (44 bytes).
    Removing stm32f0xx_hal_i2c.o(.ARM.exidx.text.I2C_DMASlaveReceiveCplt), (8 bytes).
    Removing stm32f0xx_hal_i2c.o(.text.HAL_I2C_Mem_Write), (460 bytes).
    Removing stm32f0xx_hal_i2c.o(.ARM.exidx.text.HAL_I2C_Mem_Write), (8 bytes).
    Removing stm32f0xx_hal_i2c.o(.text.HAL_I2C_Mem_Read), (460 bytes).
    Removing stm32f0xx_hal_i2c.o(.ARM.exidx.text.HAL_I2C_Mem_Read), (8 bytes).
    Removing stm32f0xx_hal_i2c.o(.text.HAL_I2C_Mem_Write_IT), (184 bytes).
    Removing stm32f0xx_hal_i2c.o(.ARM.exidx.text.HAL_I2C_Mem_Write_IT), (8 bytes).
    Removing stm32f0xx_hal_i2c.o(.text.I2C_Mem_ISR_IT), (312 bytes).
    Removing stm32f0xx_hal_i2c.o(.ARM.exidx.text.I2C_Mem_ISR_IT), (8 bytes).
    Removing stm32f0xx_hal_i2c.o(.text.HAL_I2C_Mem_Read_IT), (180 bytes).
    Removing stm32f0xx_hal_i2c.o(.ARM.exidx.text.HAL_I2C_Mem_Read_IT), (8 bytes).
    Removing stm32f0xx_hal_i2c.o(.text.HAL_I2C_Mem_Write_DMA), (288 bytes).
    Removing stm32f0xx_hal_i2c.o(.ARM.exidx.text.HAL_I2C_Mem_Write_DMA), (8 bytes).
    Removing stm32f0xx_hal_i2c.o(.text.I2C_Mem_ISR_DMA), (304 bytes).
    Removing stm32f0xx_hal_i2c.o(.ARM.exidx.text.I2C_Mem_ISR_DMA), (8 bytes).
    Removing stm32f0xx_hal_i2c.o(.text.HAL_I2C_Mem_Read_DMA), (276 bytes).
    Removing stm32f0xx_hal_i2c.o(.ARM.exidx.text.HAL_I2C_Mem_Read_DMA), (8 bytes).
    Removing stm32f0xx_hal_i2c.o(.text.HAL_I2C_IsDeviceReady), (320 bytes).
    Removing stm32f0xx_hal_i2c.o(.ARM.exidx.text.HAL_I2C_IsDeviceReady), (8 bytes).
    Removing stm32f0xx_hal_i2c.o(.text.HAL_I2C_Master_Seq_Transmit_IT), (172 bytes).
    Removing stm32f0xx_hal_i2c.o(.ARM.exidx.text.HAL_I2C_Master_Seq_Transmit_IT), (8 bytes).
    Removing stm32f0xx_hal_i2c.o(.text.I2C_ConvertOtherXferOptions), (28 bytes).
    Removing stm32f0xx_hal_i2c.o(.ARM.exidx.text.I2C_ConvertOtherXferOptions), (8 bytes).
    Removing stm32f0xx_hal_i2c.o(.text.HAL_I2C_Master_Seq_Transmit_DMA), (356 bytes).
    Removing stm32f0xx_hal_i2c.o(.ARM.exidx.text.HAL_I2C_Master_Seq_Transmit_DMA), (8 bytes).
    Removing stm32f0xx_hal_i2c.o(.text.HAL_I2C_Master_Seq_Receive_IT), (172 bytes).
    Removing stm32f0xx_hal_i2c.o(.ARM.exidx.text.HAL_I2C_Master_Seq_Receive_IT), (8 bytes).
    Removing stm32f0xx_hal_i2c.o(.text.HAL_I2C_Master_Seq_Receive_DMA), (356 bytes).
    Removing stm32f0xx_hal_i2c.o(.ARM.exidx.text.HAL_I2C_Master_Seq_Receive_DMA), (8 bytes).
    Removing stm32f0xx_hal_i2c.o(.text.HAL_I2C_Slave_Seq_Transmit_IT), (240 bytes).
    Removing stm32f0xx_hal_i2c.o(.ARM.exidx.text.HAL_I2C_Slave_Seq_Transmit_IT), (8 bytes).
    Removing stm32f0xx_hal_i2c.o(.text.I2C_Disable_IRQ), (98 bytes).
    Removing stm32f0xx_hal_i2c.o(.ARM.exidx.text.I2C_Disable_IRQ), (8 bytes).
    Removing stm32f0xx_hal_i2c.o(.text.I2C_DMAAbort), (30 bytes).
    Removing stm32f0xx_hal_i2c.o(.ARM.exidx.text.I2C_DMAAbort), (8 bytes).
    Removing stm32f0xx_hal_i2c.o(.text.HAL_I2C_Slave_Seq_Transmit_DMA), (396 bytes).
    Removing stm32f0xx_hal_i2c.o(.ARM.exidx.text.HAL_I2C_Slave_Seq_Transmit_DMA), (8 bytes).
    Removing stm32f0xx_hal_i2c.o(.text.HAL_I2C_Slave_Seq_Receive_IT), (244 bytes).
    Removing stm32f0xx_hal_i2c.o(.ARM.exidx.text.HAL_I2C_Slave_Seq_Receive_IT), (8 bytes).
    Removing stm32f0xx_hal_i2c.o(.text.HAL_I2C_Slave_Seq_Receive_DMA), (400 bytes).
    Removing stm32f0xx_hal_i2c.o(.ARM.exidx.text.HAL_I2C_Slave_Seq_Receive_DMA), (8 bytes).
    Removing stm32f0xx_hal_i2c.o(.text.HAL_I2C_EnableListen_IT), (44 bytes).
    Removing stm32f0xx_hal_i2c.o(.ARM.exidx.text.HAL_I2C_EnableListen_IT), (8 bytes).
    Removing stm32f0xx_hal_i2c.o(.text.HAL_I2C_DisableListen_IT), (56 bytes).
    Removing stm32f0xx_hal_i2c.o(.ARM.exidx.text.HAL_I2C_DisableListen_IT), (8 bytes).
    Removing stm32f0xx_hal_i2c.o(.text.HAL_I2C_Master_Abort_IT), (116 bytes).
    Removing stm32f0xx_hal_i2c.o(.ARM.exidx.text.HAL_I2C_Master_Abort_IT), (8 bytes).
    Removing stm32f0xx_hal_i2c.o(.text.HAL_I2C_EV_IRQHandler), (18 bytes).
    Removing stm32f0xx_hal_i2c.o(.ARM.exidx.text.HAL_I2C_EV_IRQHandler), (8 bytes).
    Removing stm32f0xx_hal_i2c.o(.text.HAL_I2C_ER_IRQHandler), (86 bytes).
    Removing stm32f0xx_hal_i2c.o(.ARM.exidx.text.HAL_I2C_ER_IRQHandler), (8 bytes).
    Removing stm32f0xx_hal_i2c.o(.text.I2C_ITError), (264 bytes).
    Removing stm32f0xx_hal_i2c.o(.ARM.exidx.text.I2C_ITError), (8 bytes).
    Removing stm32f0xx_hal_i2c.o(.text.HAL_I2C_MasterTxCpltCallback), (2 bytes).
    Removing stm32f0xx_hal_i2c.o(.ARM.exidx.text.HAL_I2C_MasterTxCpltCallback), (8 bytes).
    Removing stm32f0xx_hal_i2c.o(.text.HAL_I2C_MasterRxCpltCallback), (2 bytes).
    Removing stm32f0xx_hal_i2c.o(.ARM.exidx.text.HAL_I2C_MasterRxCpltCallback), (8 bytes).
    Removing stm32f0xx_hal_i2c.o(.text.HAL_I2C_SlaveTxCpltCallback), (2 bytes).
    Removing stm32f0xx_hal_i2c.o(.ARM.exidx.text.HAL_I2C_SlaveTxCpltCallback), (8 bytes).
    Removing stm32f0xx_hal_i2c.o(.text.HAL_I2C_SlaveRxCpltCallback), (2 bytes).
    Removing stm32f0xx_hal_i2c.o(.ARM.exidx.text.HAL_I2C_SlaveRxCpltCallback), (8 bytes).
    Removing stm32f0xx_hal_i2c.o(.text.HAL_I2C_AddrCallback), (2 bytes).
    Removing stm32f0xx_hal_i2c.o(.ARM.exidx.text.HAL_I2C_AddrCallback), (8 bytes).
    Removing stm32f0xx_hal_i2c.o(.text.HAL_I2C_ListenCpltCallback), (2 bytes).
    Removing stm32f0xx_hal_i2c.o(.ARM.exidx.text.HAL_I2C_ListenCpltCallback), (8 bytes).
    Removing stm32f0xx_hal_i2c.o(.text.HAL_I2C_MemTxCpltCallback), (2 bytes).
    Removing stm32f0xx_hal_i2c.o(.ARM.exidx.text.HAL_I2C_MemTxCpltCallback), (8 bytes).
    Removing stm32f0xx_hal_i2c.o(.text.HAL_I2C_MemRxCpltCallback), (2 bytes).
    Removing stm32f0xx_hal_i2c.o(.ARM.exidx.text.HAL_I2C_MemRxCpltCallback), (8 bytes).
    Removing stm32f0xx_hal_i2c.o(.text.HAL_I2C_ErrorCallback), (2 bytes).
    Removing stm32f0xx_hal_i2c.o(.ARM.exidx.text.HAL_I2C_ErrorCallback), (8 bytes).
    Removing stm32f0xx_hal_i2c.o(.text.HAL_I2C_AbortCpltCallback), (2 bytes).
    Removing stm32f0xx_hal_i2c.o(.ARM.exidx.text.HAL_I2C_AbortCpltCallback), (8 bytes).
    Removing stm32f0xx_hal_i2c.o(.text.HAL_I2C_GetState), (6 bytes).
    Removing stm32f0xx_hal_i2c.o(.ARM.exidx.text.HAL_I2C_GetState), (8 bytes).
    Removing stm32f0xx_hal_i2c.o(.text.HAL_I2C_GetMode), (6 bytes).
    Removing stm32f0xx_hal_i2c.o(.ARM.exidx.text.HAL_I2C_GetMode), (8 bytes).
    Removing stm32f0xx_hal_i2c.o(.text.HAL_I2C_GetError), (4 bytes).
    Removing stm32f0xx_hal_i2c.o(.ARM.exidx.text.HAL_I2C_GetError), (8 bytes).
    Removing stm32f0xx_hal_i2c.o(.text.I2C_ITMasterSeqCplt), (74 bytes).
    Removing stm32f0xx_hal_i2c.o(.ARM.exidx.text.I2C_ITMasterSeqCplt), (8 bytes).
    Removing stm32f0xx_hal_i2c.o(.text.I2C_ITMasterCplt), (224 bytes).
    Removing stm32f0xx_hal_i2c.o(.ARM.exidx.text.I2C_ITMasterCplt), (8 bytes).
    Removing stm32f0xx_hal_i2c.o(.text.I2C_ITSlaveCplt), (328 bytes).
    Removing stm32f0xx_hal_i2c.o(.ARM.exidx.text.I2C_ITSlaveCplt), (8 bytes).
    Removing stm32f0xx_hal_i2c.o(.text.I2C_ITListenCplt), (100 bytes).
    Removing stm32f0xx_hal_i2c.o(.ARM.exidx.text.I2C_ITListenCplt), (8 bytes).
    Removing stm32f0xx_hal_i2c.o(.text.I2C_ITSlaveSeqCplt), (116 bytes).
    Removing stm32f0xx_hal_i2c.o(.ARM.exidx.text.I2C_ITSlaveSeqCplt), (8 bytes).
    Removing stm32f0xx_hal_i2c.o(.text.I2C_ITAddrCplt), (168 bytes).
    Removing stm32f0xx_hal_i2c.o(.ARM.exidx.text.I2C_ITAddrCplt), (8 bytes).
    Removing stm32f0xx_hal_i2c.o(.text.I2C_TreatErrorCallback), (46 bytes).
    Removing stm32f0xx_hal_i2c.o(.ARM.exidx.text.I2C_TreatErrorCallback), (8 bytes).
    Removing stm32f0xx_hal_i2c.o(.text.I2C_IsErrorOccurred), (280 bytes).
    Removing stm32f0xx_hal_i2c.o(.ARM.exidx.text.I2C_IsErrorOccurred), (8 bytes).
    Removing stm32f0xx_hal_i2c_ex.o(.text), (0 bytes).
    Removing stm32f0xx_hal_i2c_ex.o(.text.HAL_I2CEx_ConfigAnalogFilter), (72 bytes).
    Removing stm32f0xx_hal_i2c_ex.o(.ARM.exidx.text.HAL_I2CEx_ConfigAnalogFilter), (8 bytes).
    Removing stm32f0xx_hal_i2c_ex.o(.text.HAL_I2CEx_ConfigDigitalFilter), (72 bytes).
    Removing stm32f0xx_hal_i2c_ex.o(.ARM.exidx.text.HAL_I2CEx_ConfigDigitalFilter), (8 bytes).
    Removing stm32f0xx_hal_i2c_ex.o(.text.HAL_I2CEx_EnableFastModePlus), (40 bytes).
    Removing stm32f0xx_hal_i2c_ex.o(.ARM.exidx.text.HAL_I2CEx_EnableFastModePlus), (8 bytes).
    Removing stm32f0xx_hal_i2c_ex.o(.text.HAL_I2CEx_DisableFastModePlus), (40 bytes).
    Removing stm32f0xx_hal_i2c_ex.o(.ARM.exidx.text.HAL_I2CEx_DisableFastModePlus), (8 bytes).
    Removing stm32f0xx_hal_gpio.o(.text), (0 bytes).
    Removing stm32f0xx_hal_gpio.o(.ARM.exidx.text.HAL_GPIO_Init), (8 bytes).
    Removing stm32f0xx_hal_gpio.o(.text.HAL_GPIO_DeInit), (248 bytes).
    Removing stm32f0xx_hal_gpio.o(.ARM.exidx.text.HAL_GPIO_DeInit), (8 bytes).
    Removing stm32f0xx_hal_gpio.o(.text.HAL_GPIO_ReadPin), (12 bytes).
    Removing stm32f0xx_hal_gpio.o(.ARM.exidx.text.HAL_GPIO_ReadPin), (8 bytes).
    Removing stm32f0xx_hal_gpio.o(.ARM.exidx.text.HAL_GPIO_WritePin), (8 bytes).
    Removing stm32f0xx_hal_gpio.o(.text.HAL_GPIO_TogglePin), (16 bytes).
    Removing stm32f0xx_hal_gpio.o(.ARM.exidx.text.HAL_GPIO_TogglePin), (8 bytes).
    Removing stm32f0xx_hal_gpio.o(.text.HAL_GPIO_LockPin), (40 bytes).
    Removing stm32f0xx_hal_gpio.o(.ARM.exidx.text.HAL_GPIO_LockPin), (8 bytes).
    Removing stm32f0xx_hal_gpio.o(.text.HAL_GPIO_EXTI_IRQHandler), (24 bytes).
    Removing stm32f0xx_hal_gpio.o(.ARM.exidx.text.HAL_GPIO_EXTI_IRQHandler), (8 bytes).
    Removing stm32f0xx_hal_gpio.o(.text.HAL_GPIO_EXTI_Callback), (2 bytes).
    Removing stm32f0xx_hal_gpio.o(.ARM.exidx.text.HAL_GPIO_EXTI_Callback), (8 bytes).
    Removing stm32f0xx_hal_dma.o(.text), (0 bytes).
    Removing stm32f0xx_hal_dma.o(.text.HAL_DMA_Init), (120 bytes).
    Removing stm32f0xx_hal_dma.o(.ARM.exidx.text.HAL_DMA_Init), (8 bytes).
    Removing stm32f0xx_hal_dma.o(.text.HAL_DMA_DeInit), (88 bytes).
    Removing stm32f0xx_hal_dma.o(.ARM.exidx.text.HAL_DMA_DeInit), (8 bytes).
    Removing stm32f0xx_hal_dma.o(.text.HAL_DMA_Start), (76 bytes).
    Removing stm32f0xx_hal_dma.o(.ARM.exidx.text.HAL_DMA_Start), (8 bytes).
    Removing stm32f0xx_hal_dma.o(.text.DMA_SetConfig), (38 bytes).
    Removing stm32f0xx_hal_dma.o(.ARM.exidx.text.DMA_SetConfig), (8 bytes).
    Removing stm32f0xx_hal_dma.o(.text.HAL_DMA_Start_IT), (104 bytes).
    Removing stm32f0xx_hal_dma.o(.ARM.exidx.text.HAL_DMA_Start_IT), (8 bytes).
    Removing stm32f0xx_hal_dma.o(.text.HAL_DMA_Abort), (64 bytes).
    Removing stm32f0xx_hal_dma.o(.ARM.exidx.text.HAL_DMA_Abort), (8 bytes).
    Removing stm32f0xx_hal_dma.o(.text.HAL_DMA_Abort_IT), (70 bytes).
    Removing stm32f0xx_hal_dma.o(.ARM.exidx.text.HAL_DMA_Abort_IT), (8 bytes).
    Removing stm32f0xx_hal_dma.o(.text.HAL_DMA_PollForTransfer), (182 bytes).
    Removing stm32f0xx_hal_dma.o(.ARM.exidx.text.HAL_DMA_PollForTransfer), (8 bytes).
    Removing stm32f0xx_hal_dma.o(.text.HAL_DMA_IRQHandler), (156 bytes).
    Removing stm32f0xx_hal_dma.o(.ARM.exidx.text.HAL_DMA_IRQHandler), (8 bytes).
    Removing stm32f0xx_hal_dma.o(.text.HAL_DMA_RegisterCallback), (70 bytes).
    Removing stm32f0xx_hal_dma.o(.ARM.exidx.text.HAL_DMA_RegisterCallback), (8 bytes).
    Removing stm32f0xx_hal_dma.o(.text.HAL_DMA_UnRegisterCallback), (88 bytes).
    Removing stm32f0xx_hal_dma.o(.ARM.exidx.text.HAL_DMA_UnRegisterCallback), (8 bytes).
    Removing stm32f0xx_hal_dma.o(.text.HAL_DMA_GetState), (6 bytes).
    Removing stm32f0xx_hal_dma.o(.ARM.exidx.text.HAL_DMA_GetState), (8 bytes).
    Removing stm32f0xx_hal_dma.o(.text.HAL_DMA_GetError), (4 bytes).
    Removing stm32f0xx_hal_dma.o(.ARM.exidx.text.HAL_DMA_GetError), (8 bytes).
    Removing stm32f0xx_hal_cortex.o(.text), (0 bytes).
    Removing stm32f0xx_hal_cortex.o(.ARM.exidx.text.HAL_NVIC_SetPriority), (8 bytes).
    Removing stm32f0xx_hal_cortex.o(.ARM.exidx.text.__NVIC_SetPriority), (8 bytes).
    Removing stm32f0xx_hal_cortex.o(.text.HAL_NVIC_EnableIRQ), (24 bytes).
    Removing stm32f0xx_hal_cortex.o(.ARM.exidx.text.HAL_NVIC_EnableIRQ), (8 bytes).
    Removing stm32f0xx_hal_cortex.o(.text.HAL_NVIC_DisableIRQ), (32 bytes).
    Removing stm32f0xx_hal_cortex.o(.ARM.exidx.text.HAL_NVIC_DisableIRQ), (8 bytes).
    Removing stm32f0xx_hal_cortex.o(.text.HAL_NVIC_SystemReset), (4 bytes).
    Removing stm32f0xx_hal_cortex.o(.ARM.exidx.text.HAL_NVIC_SystemReset), (8 bytes).
    Removing stm32f0xx_hal_cortex.o(.text.__NVIC_SystemReset), (28 bytes).
    Removing stm32f0xx_hal_cortex.o(.ARM.exidx.text.__NVIC_SystemReset), (8 bytes).
    Removing stm32f0xx_hal_cortex.o(.ARM.exidx.text.HAL_SYSTICK_Config), (8 bytes).
    Removing stm32f0xx_hal_cortex.o(.text.HAL_NVIC_GetPriority), (52 bytes).
    Removing stm32f0xx_hal_cortex.o(.ARM.exidx.text.HAL_NVIC_GetPriority), (8 bytes).
    Removing stm32f0xx_hal_cortex.o(.text.HAL_NVIC_SetPendingIRQ), (24 bytes).
    Removing stm32f0xx_hal_cortex.o(.ARM.exidx.text.HAL_NVIC_SetPendingIRQ), (8 bytes).
    Removing stm32f0xx_hal_cortex.o(.text.HAL_NVIC_GetPendingIRQ), (40 bytes).
    Removing stm32f0xx_hal_cortex.o(.ARM.exidx.text.HAL_NVIC_GetPendingIRQ), (8 bytes).
    Removing stm32f0xx_hal_cortex.o(.text.HAL_NVIC_ClearPendingIRQ), (24 bytes).
    Removing stm32f0xx_hal_cortex.o(.ARM.exidx.text.HAL_NVIC_ClearPendingIRQ), (8 bytes).
    Removing stm32f0xx_hal_cortex.o(.text.HAL_SYSTICK_CLKSourceConfig), (24 bytes).
    Removing stm32f0xx_hal_cortex.o(.ARM.exidx.text.HAL_SYSTICK_CLKSourceConfig), (8 bytes).
    Removing stm32f0xx_hal_cortex.o(.text.HAL_SYSTICK_IRQHandler), (8 bytes).
    Removing stm32f0xx_hal_cortex.o(.ARM.exidx.text.HAL_SYSTICK_IRQHandler), (8 bytes).
    Removing stm32f0xx_hal_cortex.o(.text.HAL_SYSTICK_Callback), (2 bytes).
    Removing stm32f0xx_hal_cortex.o(.ARM.exidx.text.HAL_SYSTICK_Callback), (8 bytes).
    Removing stm32f0xx_hal_pwr.o(.text), (0 bytes).
    Removing stm32f0xx_hal_pwr.o(.text.HAL_PWR_DeInit), (24 bytes).
    Removing stm32f0xx_hal_pwr.o(.ARM.exidx.text.HAL_PWR_DeInit), (8 bytes).
    Removing stm32f0xx_hal_pwr.o(.text.HAL_PWR_EnableBkUpAccess), (20 bytes).
    Removing stm32f0xx_hal_pwr.o(.ARM.exidx.text.HAL_PWR_EnableBkUpAccess), (8 bytes).
    Removing stm32f0xx_hal_pwr.o(.text.HAL_PWR_DisableBkUpAccess), (20 bytes).
    Removing stm32f0xx_hal_pwr.o(.ARM.exidx.text.HAL_PWR_DisableBkUpAccess), (8 bytes).
    Removing stm32f0xx_hal_pwr.o(.text.HAL_PWR_EnableWakeUpPin), (16 bytes).
    Removing stm32f0xx_hal_pwr.o(.ARM.exidx.text.HAL_PWR_EnableWakeUpPin), (8 bytes).
    Removing stm32f0xx_hal_pwr.o(.text.HAL_PWR_DisableWakeUpPin), (16 bytes).
    Removing stm32f0xx_hal_pwr.o(.ARM.exidx.text.HAL_PWR_DisableWakeUpPin), (8 bytes).
    Removing stm32f0xx_hal_pwr.o(.text.HAL_PWR_EnterSLEEPMode), (32 bytes).
    Removing stm32f0xx_hal_pwr.o(.ARM.exidx.text.HAL_PWR_EnterSLEEPMode), (8 bytes).
    Removing stm32f0xx_hal_pwr.o(.text.HAL_PWR_EnterSTOPMode), (56 bytes).
    Removing stm32f0xx_hal_pwr.o(.ARM.exidx.text.HAL_PWR_EnterSTOPMode), (8 bytes).
    Removing stm32f0xx_hal_pwr.o(.text.HAL_PWR_EnterSTANDBYMode), (32 bytes).
    Removing stm32f0xx_hal_pwr.o(.ARM.exidx.text.HAL_PWR_EnterSTANDBYMode), (8 bytes).
    Removing stm32f0xx_hal_pwr.o(.text.HAL_PWR_EnableSleepOnExit), (16 bytes).
    Removing stm32f0xx_hal_pwr.o(.ARM.exidx.text.HAL_PWR_EnableSleepOnExit), (8 bytes).
    Removing stm32f0xx_hal_pwr.o(.text.HAL_PWR_DisableSleepOnExit), (16 bytes).
    Removing stm32f0xx_hal_pwr.o(.ARM.exidx.text.HAL_PWR_DisableSleepOnExit), (8 bytes).
    Removing stm32f0xx_hal_pwr.o(.text.HAL_PWR_EnableSEVOnPend), (16 bytes).
    Removing stm32f0xx_hal_pwr.o(.ARM.exidx.text.HAL_PWR_EnableSEVOnPend), (8 bytes).
    Removing stm32f0xx_hal_pwr.o(.text.HAL_PWR_DisableSEVOnPend), (16 bytes).
    Removing stm32f0xx_hal_pwr.o(.ARM.exidx.text.HAL_PWR_DisableSEVOnPend), (8 bytes).
    Removing stm32f0xx_hal_pwr_ex.o(.text), (0 bytes).
    Removing stm32f0xx_hal_flash.o(.text), (0 bytes).
    Removing stm32f0xx_hal_flash.o(.text.HAL_FLASH_Program), (140 bytes).
    Removing stm32f0xx_hal_flash.o(.ARM.exidx.text.HAL_FLASH_Program), (8 bytes).
    Removing stm32f0xx_hal_flash.o(.text.FLASH_WaitForLastOperation), (84 bytes).
    Removing stm32f0xx_hal_flash.o(.ARM.exidx.text.FLASH_WaitForLastOperation), (8 bytes).
    Removing stm32f0xx_hal_flash.o(.text.HAL_FLASH_Program_IT), (92 bytes).
    Removing stm32f0xx_hal_flash.o(.ARM.exidx.text.HAL_FLASH_Program_IT), (8 bytes).
    Removing stm32f0xx_hal_flash.o(.text.HAL_FLASH_IRQHandler), (288 bytes).
    Removing stm32f0xx_hal_flash.o(.ARM.exidx.text.HAL_FLASH_IRQHandler), (8 bytes).
    Removing stm32f0xx_hal_flash.o(.text.FLASH_SetErrorCode), (60 bytes).
    Removing stm32f0xx_hal_flash.o(.ARM.exidx.text.FLASH_SetErrorCode), (8 bytes).
    Removing stm32f0xx_hal_flash.o(.text.HAL_FLASH_OperationErrorCallback), (2 bytes).
    Removing stm32f0xx_hal_flash.o(.ARM.exidx.text.HAL_FLASH_OperationErrorCallback), (8 bytes).
    Removing stm32f0xx_hal_flash.o(.text.HAL_FLASH_EndOfOperationCallback), (2 bytes).
    Removing stm32f0xx_hal_flash.o(.ARM.exidx.text.HAL_FLASH_EndOfOperationCallback), (8 bytes).
    Removing stm32f0xx_hal_flash.o(.text.HAL_FLASH_Unlock), (40 bytes).
    Removing stm32f0xx_hal_flash.o(.ARM.exidx.text.HAL_FLASH_Unlock), (8 bytes).
    Removing stm32f0xx_hal_flash.o(.text.HAL_FLASH_Lock), (20 bytes).
    Removing stm32f0xx_hal_flash.o(.ARM.exidx.text.HAL_FLASH_Lock), (8 bytes).
    Removing stm32f0xx_hal_flash.o(.text.HAL_FLASH_OB_Unlock), (36 bytes).
    Removing stm32f0xx_hal_flash.o(.ARM.exidx.text.HAL_FLASH_OB_Unlock), (8 bytes).
    Removing stm32f0xx_hal_flash.o(.text.HAL_FLASH_OB_Lock), (20 bytes).
    Removing stm32f0xx_hal_flash.o(.ARM.exidx.text.HAL_FLASH_OB_Lock), (8 bytes).
    Removing stm32f0xx_hal_flash.o(.text.HAL_FLASH_OB_Launch), (32 bytes).
    Removing stm32f0xx_hal_flash.o(.ARM.exidx.text.HAL_FLASH_OB_Launch), (8 bytes).
    Removing stm32f0xx_hal_flash.o(.text.HAL_FLASH_GetError), (12 bytes).
    Removing stm32f0xx_hal_flash.o(.ARM.exidx.text.HAL_FLASH_GetError), (8 bytes).
    Removing stm32f0xx_hal_flash.o(.bss.pFlash), (32 bytes).
    Removing stm32f0xx_hal_flash_ex.o(.text), (0 bytes).
    Removing stm32f0xx_hal_flash_ex.o(.text.HAL_FLASHEx_Erase), (164 bytes).
    Removing stm32f0xx_hal_flash_ex.o(.ARM.exidx.text.HAL_FLASHEx_Erase), (8 bytes).
    Removing stm32f0xx_hal_flash_ex.o(.text.FLASH_MassErase), (36 bytes).
    Removing stm32f0xx_hal_flash_ex.o(.ARM.exidx.text.FLASH_MassErase), (8 bytes).
    Removing stm32f0xx_hal_flash_ex.o(.text.FLASH_PageErase), (36 bytes).
    Removing stm32f0xx_hal_flash_ex.o(.ARM.exidx.text.FLASH_PageErase), (8 bytes).
    Removing stm32f0xx_hal_flash_ex.o(.text.HAL_FLASHEx_Erase_IT), (84 bytes).
    Removing stm32f0xx_hal_flash_ex.o(.ARM.exidx.text.HAL_FLASHEx_Erase_IT), (8 bytes).
    Removing stm32f0xx_hal_flash_ex.o(.text.HAL_FLASHEx_OBErase), (84 bytes).
    Removing stm32f0xx_hal_flash_ex.o(.ARM.exidx.text.HAL_FLASHEx_OBErase), (8 bytes).
    Removing stm32f0xx_hal_flash_ex.o(.text.FLASH_OB_GetRDP), (32 bytes).
    Removing stm32f0xx_hal_flash_ex.o(.ARM.exidx.text.FLASH_OB_GetRDP), (8 bytes).
    Removing stm32f0xx_hal_flash_ex.o(.text.FLASH_OB_RDP_LevelConfig), (100 bytes).
    Removing stm32f0xx_hal_flash_ex.o(.ARM.exidx.text.FLASH_OB_RDP_LevelConfig), (8 bytes).
    Removing stm32f0xx_hal_flash_ex.o(.text.HAL_FLASHEx_OBProgram), (340 bytes).
    Removing stm32f0xx_hal_flash_ex.o(.ARM.exidx.text.HAL_FLASHEx_OBProgram), (8 bytes).
    Removing stm32f0xx_hal_flash_ex.o(.text.HAL_FLASHEx_OBGetConfig), (36 bytes).
    Removing stm32f0xx_hal_flash_ex.o(.ARM.exidx.text.HAL_FLASHEx_OBGetConfig), (8 bytes).
    Removing stm32f0xx_hal_flash_ex.o(.text.HAL_FLASHEx_OBGetUserData), (28 bytes).
    Removing stm32f0xx_hal_flash_ex.o(.ARM.exidx.text.HAL_FLASHEx_OBGetUserData), (8 bytes).
    Removing stm32f0xx_hal_exti.o(.text), (0 bytes).
    Removing stm32f0xx_hal_exti.o(.text.HAL_EXTI_SetConfigLine), (152 bytes).
    Removing stm32f0xx_hal_exti.o(.ARM.exidx.text.HAL_EXTI_SetConfigLine), (8 bytes).
    Removing stm32f0xx_hal_exti.o(.text.HAL_EXTI_GetConfigLine), (128 bytes).
    Removing stm32f0xx_hal_exti.o(.ARM.exidx.text.HAL_EXTI_GetConfigLine), (8 bytes).
    Removing stm32f0xx_hal_exti.o(.text.HAL_EXTI_ClearConfigLine), (96 bytes).
    Removing stm32f0xx_hal_exti.o(.ARM.exidx.text.HAL_EXTI_ClearConfigLine), (8 bytes).
    Removing stm32f0xx_hal_exti.o(.text.HAL_EXTI_RegisterCallback), (14 bytes).
    Removing stm32f0xx_hal_exti.o(.ARM.exidx.text.HAL_EXTI_RegisterCallback), (8 bytes).
    Removing stm32f0xx_hal_exti.o(.text.HAL_EXTI_GetHandle), (14 bytes).
    Removing stm32f0xx_hal_exti.o(.ARM.exidx.text.HAL_EXTI_GetHandle), (8 bytes).
    Removing stm32f0xx_hal_exti.o(.text.HAL_EXTI_IRQHandler), (36 bytes).
    Removing stm32f0xx_hal_exti.o(.ARM.exidx.text.HAL_EXTI_IRQHandler), (8 bytes).
    Removing stm32f0xx_hal_exti.o(.text.HAL_EXTI_GetPending), (24 bytes).
    Removing stm32f0xx_hal_exti.o(.ARM.exidx.text.HAL_EXTI_GetPending), (8 bytes).
    Removing stm32f0xx_hal_exti.o(.text.HAL_EXTI_ClearPending), (20 bytes).
    Removing stm32f0xx_hal_exti.o(.ARM.exidx.text.HAL_EXTI_ClearPending), (8 bytes).
    Removing stm32f0xx_hal_exti.o(.text.HAL_EXTI_GenerateSWI), (20 bytes).
    Removing stm32f0xx_hal_exti.o(.ARM.exidx.text.HAL_EXTI_GenerateSWI), (8 bytes).
    Removing stm32f0xx_hal_spi.o(.text), (0 bytes).
    Removing stm32f0xx_hal_spi.o(.ARM.exidx.text.HAL_SPI_Init), (8 bytes).
    Removing stm32f0xx_hal_spi.o(.text.HAL_SPI_MspInit), (2 bytes).
    Removing stm32f0xx_hal_spi.o(.ARM.exidx.text.HAL_SPI_MspInit), (8 bytes).
    Removing stm32f0xx_hal_spi.o(.text.HAL_SPI_DeInit), (46 bytes).
    Removing stm32f0xx_hal_spi.o(.ARM.exidx.text.HAL_SPI_DeInit), (8 bytes).
    Removing stm32f0xx_hal_spi.o(.text.HAL_SPI_MspDeInit), (2 bytes).
    Removing stm32f0xx_hal_spi.o(.ARM.exidx.text.HAL_SPI_MspDeInit), (8 bytes).
    Removing stm32f0xx_hal_spi.o(.text.HAL_SPI_Transmit), (400 bytes).
    Removing stm32f0xx_hal_spi.o(.ARM.exidx.text.HAL_SPI_Transmit), (8 bytes).
    Removing stm32f0xx_hal_spi.o(.text.SPI_EndRxTxTransaction), (74 bytes).
    Removing stm32f0xx_hal_spi.o(.ARM.exidx.text.SPI_EndRxTxTransaction), (8 bytes).
    Removing stm32f0xx_hal_spi.o(.text.HAL_SPI_Receive), (382 bytes).
    Removing stm32f0xx_hal_spi.o(.ARM.exidx.text.HAL_SPI_Receive), (8 bytes).
    Removing stm32f0xx_hal_spi.o(.text.HAL_SPI_TransmitReceive), (512 bytes).
    Removing stm32f0xx_hal_spi.o(.ARM.exidx.text.HAL_SPI_TransmitReceive), (8 bytes).
    Removing stm32f0xx_hal_spi.o(.text.SPI_EndRxTransaction), (128 bytes).
    Removing stm32f0xx_hal_spi.o(.ARM.exidx.text.SPI_EndRxTransaction), (8 bytes).
    Removing stm32f0xx_hal_spi.o(.text.HAL_SPI_Transmit_IT), (156 bytes).
    Removing stm32f0xx_hal_spi.o(.ARM.exidx.text.HAL_SPI_Transmit_IT), (8 bytes).
    Removing stm32f0xx_hal_spi.o(.text.SPI_TxISR_16BIT), (34 bytes).
    Removing stm32f0xx_hal_spi.o(.ARM.exidx.text.SPI_TxISR_16BIT), (8 bytes).
    Removing stm32f0xx_hal_spi.o(.text.SPI_TxISR_8BIT), (36 bytes).
    Removing stm32f0xx_hal_spi.o(.ARM.exidx.text.SPI_TxISR_8BIT), (8 bytes).
    Removing stm32f0xx_hal_spi.o(.text.HAL_SPI_Receive_IT), (212 bytes).
    Removing stm32f0xx_hal_spi.o(.ARM.exidx.text.HAL_SPI_Receive_IT), (8 bytes).
    Removing stm32f0xx_hal_spi.o(.text.HAL_SPI_TransmitReceive_IT), (232 bytes).
    Removing stm32f0xx_hal_spi.o(.ARM.exidx.text.HAL_SPI_TransmitReceive_IT), (8 bytes).
    Removing stm32f0xx_hal_spi.o(.text.SPI_RxISR_16BIT), (36 bytes).
    Removing stm32f0xx_hal_spi.o(.ARM.exidx.text.SPI_RxISR_16BIT), (8 bytes).
    Removing stm32f0xx_hal_spi.o(.text.SPI_RxISR_8BIT), (38 bytes).
    Removing stm32f0xx_hal_spi.o(.ARM.exidx.text.SPI_RxISR_8BIT), (8 bytes).
    Removing stm32f0xx_hal_spi.o(.text.SPI_2linesRxISR_16BIT), (50 bytes).
    Removing stm32f0xx_hal_spi.o(.ARM.exidx.text.SPI_2linesRxISR_16BIT), (8 bytes).
    Removing stm32f0xx_hal_spi.o(.text.SPI_2linesTxISR_16BIT), (50 bytes).
    Removing stm32f0xx_hal_spi.o(.ARM.exidx.text.SPI_2linesTxISR_16BIT), (8 bytes).
    Removing stm32f0xx_hal_spi.o(.text.SPI_2linesRxISR_8BIT), (98 bytes).
    Removing stm32f0xx_hal_spi.o(.ARM.exidx.text.SPI_2linesRxISR_8BIT), (8 bytes).
    Removing stm32f0xx_hal_spi.o(.text.SPI_2linesTxISR_8BIT), (80 bytes).
    Removing stm32f0xx_hal_spi.o(.ARM.exidx.text.SPI_2linesTxISR_8BIT), (8 bytes).
    Removing stm32f0xx_hal_spi.o(.text.HAL_SPI_Transmit_DMA), (276 bytes).
    Removing stm32f0xx_hal_spi.o(.ARM.exidx.text.HAL_SPI_Transmit_DMA), (8 bytes).
    Removing stm32f0xx_hal_spi.o(.text.SPI_DMAHalfTransmitCplt), (10 bytes).
    Removing stm32f0xx_hal_spi.o(.ARM.exidx.text.SPI_DMAHalfTransmitCplt), (8 bytes).
    Removing stm32f0xx_hal_spi.o(.text.SPI_DMATransmitCplt), (110 bytes).
    Removing stm32f0xx_hal_spi.o(.ARM.exidx.text.SPI_DMATransmitCplt), (8 bytes).
    Removing stm32f0xx_hal_spi.o(.text.SPI_DMAError), (34 bytes).
    Removing stm32f0xx_hal_spi.o(.ARM.exidx.text.SPI_DMAError), (8 bytes).
    Removing stm32f0xx_hal_spi.o(.text.HAL_SPI_Receive_DMA), (356 bytes).
    Removing stm32f0xx_hal_spi.o(.ARM.exidx.text.HAL_SPI_Receive_DMA), (8 bytes).
    Removing stm32f0xx_hal_spi.o(.text.HAL_SPI_TransmitReceive_DMA), (460 bytes).
    Removing stm32f0xx_hal_spi.o(.ARM.exidx.text.HAL_SPI_TransmitReceive_DMA), (8 bytes).
    Removing stm32f0xx_hal_spi.o(.text.SPI_DMAHalfReceiveCplt), (10 bytes).
    Removing stm32f0xx_hal_spi.o(.ARM.exidx.text.SPI_DMAHalfReceiveCplt), (8 bytes).
    Removing stm32f0xx_hal_spi.o(.text.SPI_DMAReceiveCplt), (106 bytes).
    Removing stm32f0xx_hal_spi.o(.ARM.exidx.text.SPI_DMAReceiveCplt), (8 bytes).
    Removing stm32f0xx_hal_spi.o(.text.SPI_DMAHalfTransmitReceiveCplt), (10 bytes).
    Removing stm32f0xx_hal_spi.o(.ARM.exidx.text.SPI_DMAHalfTransmitReceiveCplt), (8 bytes).
    Removing stm32f0xx_hal_spi.o(.text.SPI_DMATransmitReceiveCplt), (94 bytes).
    Removing stm32f0xx_hal_spi.o(.ARM.exidx.text.SPI_DMATransmitReceiveCplt), (8 bytes).
    Removing stm32f0xx_hal_spi.o(.text.HAL_SPI_Abort), (380 bytes).
    Removing stm32f0xx_hal_spi.o(.ARM.exidx.text.HAL_SPI_Abort), (8 bytes).
    Removing stm32f0xx_hal_spi.o(.text.SPI_AbortTx_ISR), (216 bytes).
    Removing stm32f0xx_hal_spi.o(.ARM.exidx.text.SPI_AbortTx_ISR), (8 bytes).
    Removing stm32f0xx_hal_spi.o(.text.SPI_AbortRx_ISR), (124 bytes).
    Removing stm32f0xx_hal_spi.o(.ARM.exidx.text.SPI_AbortRx_ISR), (8 bytes).
    Removing stm32f0xx_hal_spi.o(.text.SPI_WaitFifoStateUntilTimeout), (212 bytes).
    Removing stm32f0xx_hal_spi.o(.ARM.exidx.text.SPI_WaitFifoStateUntilTimeout), (8 bytes).
    Removing stm32f0xx_hal_spi.o(.text.SPI_WaitFlagStateUntilTimeout), (164 bytes).
    Removing stm32f0xx_hal_spi.o(.ARM.exidx.text.SPI_WaitFlagStateUntilTimeout), (8 bytes).
    Removing stm32f0xx_hal_spi.o(.text.HAL_SPI_Abort_IT), (328 bytes).
    Removing stm32f0xx_hal_spi.o(.ARM.exidx.text.HAL_SPI_Abort_IT), (8 bytes).
    Removing stm32f0xx_hal_spi.o(.text.SPI_DMATxAbortCallback), (142 bytes).
    Removing stm32f0xx_hal_spi.o(.ARM.exidx.text.SPI_DMATxAbortCallback), (8 bytes).
    Removing stm32f0xx_hal_spi.o(.text.SPI_DMARxAbortCallback), (136 bytes).
    Removing stm32f0xx_hal_spi.o(.ARM.exidx.text.SPI_DMARxAbortCallback), (8 bytes).
    Removing stm32f0xx_hal_spi.o(.text.HAL_SPI_AbortCpltCallback), (2 bytes).
    Removing stm32f0xx_hal_spi.o(.ARM.exidx.text.HAL_SPI_AbortCpltCallback), (8 bytes).
    Removing stm32f0xx_hal_spi.o(.text.HAL_SPI_DMAPause), (32 bytes).
    Removing stm32f0xx_hal_spi.o(.ARM.exidx.text.HAL_SPI_DMAPause), (8 bytes).
    Removing stm32f0xx_hal_spi.o(.text.HAL_SPI_DMAResume), (32 bytes).
    Removing stm32f0xx_hal_spi.o(.ARM.exidx.text.HAL_SPI_DMAResume), (8 bytes).
    Removing stm32f0xx_hal_spi.o(.text.HAL_SPI_DMAStop), (74 bytes).
    Removing stm32f0xx_hal_spi.o(.ARM.exidx.text.HAL_SPI_DMAStop), (8 bytes).
    Removing stm32f0xx_hal_spi.o(.text.HAL_SPI_IRQHandler), (276 bytes).
    Removing stm32f0xx_hal_spi.o(.ARM.exidx.text.HAL_SPI_IRQHandler), (8 bytes).
    Removing stm32f0xx_hal_spi.o(.text.SPI_DMAAbortOnError), (18 bytes).
    Removing stm32f0xx_hal_spi.o(.ARM.exidx.text.SPI_DMAAbortOnError), (8 bytes).
    Removing stm32f0xx_hal_spi.o(.text.HAL_SPI_ErrorCallback), (2 bytes).
    Removing stm32f0xx_hal_spi.o(.ARM.exidx.text.HAL_SPI_ErrorCallback), (8 bytes).
    Removing stm32f0xx_hal_spi.o(.text.HAL_SPI_TxCpltCallback), (2 bytes).
    Removing stm32f0xx_hal_spi.o(.ARM.exidx.text.HAL_SPI_TxCpltCallback), (8 bytes).
    Removing stm32f0xx_hal_spi.o(.text.HAL_SPI_RxCpltCallback), (2 bytes).
    Removing stm32f0xx_hal_spi.o(.ARM.exidx.text.HAL_SPI_RxCpltCallback), (8 bytes).
    Removing stm32f0xx_hal_spi.o(.text.HAL_SPI_TxRxCpltCallback), (2 bytes).
    Removing stm32f0xx_hal_spi.o(.ARM.exidx.text.HAL_SPI_TxRxCpltCallback), (8 bytes).
    Removing stm32f0xx_hal_spi.o(.text.HAL_SPI_TxHalfCpltCallback), (2 bytes).
    Removing stm32f0xx_hal_spi.o(.ARM.exidx.text.HAL_SPI_TxHalfCpltCallback), (8 bytes).
    Removing stm32f0xx_hal_spi.o(.text.HAL_SPI_RxHalfCpltCallback), (2 bytes).
    Removing stm32f0xx_hal_spi.o(.ARM.exidx.text.HAL_SPI_RxHalfCpltCallback), (8 bytes).
    Removing stm32f0xx_hal_spi.o(.text.HAL_SPI_TxRxHalfCpltCallback), (2 bytes).
    Removing stm32f0xx_hal_spi.o(.ARM.exidx.text.HAL_SPI_TxRxHalfCpltCallback), (8 bytes).
    Removing stm32f0xx_hal_spi.o(.text.HAL_SPI_GetState), (6 bytes).
    Removing stm32f0xx_hal_spi.o(.ARM.exidx.text.HAL_SPI_GetState), (8 bytes).
    Removing stm32f0xx_hal_spi.o(.text.HAL_SPI_GetError), (4 bytes).
    Removing stm32f0xx_hal_spi.o(.ARM.exidx.text.HAL_SPI_GetError), (8 bytes).
    Removing stm32f0xx_hal_spi.o(.text.SPI_CloseRxTx_ISR), (84 bytes).
    Removing stm32f0xx_hal_spi.o(.ARM.exidx.text.SPI_CloseRxTx_ISR), (8 bytes).
    Removing stm32f0xx_hal_spi.o(.text.SPI_CloseRx_ISR), (68 bytes).
    Removing stm32f0xx_hal_spi.o(.ARM.exidx.text.SPI_CloseRx_ISR), (8 bytes).
    Removing stm32f0xx_hal_spi.o(.text.SPI_CloseTx_ISR), (90 bytes).
    Removing stm32f0xx_hal_spi.o(.ARM.exidx.text.SPI_CloseTx_ISR), (8 bytes).
    Removing stm32f0xx_hal_spi_ex.o(.text), (0 bytes).
    Removing stm32f0xx_hal_spi_ex.o(.text.HAL_SPIEx_FlushRxFifo), (34 bytes).
    Removing stm32f0xx_hal_spi_ex.o(.ARM.exidx.text.HAL_SPIEx_FlushRxFifo), (8 bytes).
    Removing stm32f0xx_hal_tim.o(.text), (0 bytes).
    Removing stm32f0xx_hal_tim_ex.o(.text), (0 bytes).
    Removing system_stm32f0xx.o(.text), (0 bytes).
    Removing system_stm32f0xx.o(.ARM.exidx.text.SystemInit), (8 bytes).
    Removing system_stm32f0xx.o(.text.SystemCoreClockUpdate), (92 bytes).
    Removing system_stm32f0xx.o(.ARM.exidx.text.SystemCoreClockUpdate), (8 bytes).
    Removing system_stm32f0xx.o(.rodata.APBPrescTable), (8 bytes).

643 unused section(s) (total 30840 bytes) removed from the image.

==============================================================================

Image Symbol Table

    Local Symbols

    Symbol Name                              Value     Ov Type        Size  Object(Section)

    ../clib/microlib/division.c              0x00000000   Number         0  uidiv.o ABSOLUTE
    ../clib/microlib/init/entry.s            0x00000000   Number         0  entry.o ABSOLUTE
    ../clib/microlib/init/entry.s            0x00000000   Number         0  entry2.o ABSOLUTE
    ../clib/microlib/init/entry.s            0x00000000   Number         0  entry5.o ABSOLUTE
    ../clib/microlib/init/entry.s            0x00000000   Number         0  entry7a.o ABSOLUTE
    ../clib/microlib/init/entry.s            0x00000000   Number         0  entry7b.o ABSOLUTE
    ../clib/microlib/init/entry.s            0x00000000   Number         0  entry8a.o ABSOLUTE
    ../clib/microlib/init/entry.s            0x00000000   Number         0  entry8b.o ABSOLUTE
    ../clib/microlib/init/entry.s            0x00000000   Number         0  entry9a.o ABSOLUTE
    ../clib/microlib/init/entry.s            0x00000000   Number         0  entry9b.o ABSOLUTE
    ../clib/microlib/init/entry.s            0x00000000   Number         0  entry10a.o ABSOLUTE
    ../clib/microlib/init/entry.s            0x00000000   Number         0  entry10b.o ABSOLUTE
    ../clib/microlib/init/entry.s            0x00000000   Number         0  entry11a.o ABSOLUTE
    ../clib/microlib/init/entry.s            0x00000000   Number         0  entry11b.o ABSOLUTE
    ../clib/microlib/longlong.c              0x00000000   Number         0  llushr.o ABSOLUTE
    ../clib/microlib/string/memset.c         0x00000000   Number         0  memseta.o ABSOLUTE
    dc.s                                     0x00000000   Number         0  dc.o ABSOLUTE
    gpio.c                                   0x00000000   Number         0  gpio.o ABSOLUTE
    handlers.s                               0x00000000   Number         0  handlers.o ABSOLUTE
    init.s                                   0x00000000   Number         0  init.o ABSOLUTE
    main.c                                   0x00000000   Number         0  main.o ABSOLUTE
    rtc.c                                    0x00000000   Number         0  rtc.o ABSOLUTE
    spi.c                                    0x00000000   Number         0  spi.o ABSOLUTE
    ssd1306.c                                0x00000000   Number         0  ssd1306.o ABSOLUTE
    startup_stm32f030x8.s                    0x00000000   Number         0  startup_stm32f030x8.o ABSOLUTE
    stm32f0xx_hal.c                          0x00000000   Number         0  stm32f0xx_hal.o ABSOLUTE
    stm32f0xx_hal_cortex.c                   0x00000000   Number         0  stm32f0xx_hal_cortex.o ABSOLUTE
    stm32f0xx_hal_dma.c                      0x00000000   Number         0  stm32f0xx_hal_dma.o ABSOLUTE
    stm32f0xx_hal_exti.c                     0x00000000   Number         0  stm32f0xx_hal_exti.o ABSOLUTE
    stm32f0xx_hal_flash.c                    0x00000000   Number         0  stm32f0xx_hal_flash.o ABSOLUTE
    stm32f0xx_hal_flash_ex.c                 0x00000000   Number         0  stm32f0xx_hal_flash_ex.o ABSOLUTE
    stm32f0xx_hal_gpio.c                     0x00000000   Number         0  stm32f0xx_hal_gpio.o ABSOLUTE
    stm32f0xx_hal_i2c.c                      0x00000000   Number         0  stm32f0xx_hal_i2c.o ABSOLUTE
    stm32f0xx_hal_i2c_ex.c                   0x00000000   Number         0  stm32f0xx_hal_i2c_ex.o ABSOLUTE
    stm32f0xx_hal_msp.c                      0x00000000   Number         0  stm32f0xx_hal_msp.o ABSOLUTE
    stm32f0xx_hal_pwr.c                      0x00000000   Number         0  stm32f0xx_hal_pwr.o ABSOLUTE
    stm32f0xx_hal_pwr_ex.c                   0x00000000   Number         0  stm32f0xx_hal_pwr_ex.o ABSOLUTE
    stm32f0xx_hal_rcc.c                      0x00000000   Number         0  stm32f0xx_hal_rcc.o ABSOLUTE
    stm32f0xx_hal_rcc_ex.c                   0x00000000   Number         0  stm32f0xx_hal_rcc_ex.o ABSOLUTE
    stm32f0xx_hal_rtc.c                      0x00000000   Number         0  stm32f0xx_hal_rtc.o ABSOLUTE
    stm32f0xx_hal_rtc_ex.c                   0x00000000   Number         0  stm32f0xx_hal_rtc_ex.o ABSOLUTE
    stm32f0xx_hal_spi.c                      0x00000000   Number         0  stm32f0xx_hal_spi.o ABSOLUTE
    stm32f0xx_hal_spi_ex.c                   0x00000000   Number         0  stm32f0xx_hal_spi_ex.o ABSOLUTE
    stm32f0xx_hal_tim.c                      0x00000000   Number         0  stm32f0xx_hal_tim.o ABSOLUTE
    stm32f0xx_hal_tim_ex.c                   0x00000000   Number         0  stm32f0xx_hal_tim_ex.o ABSOLUTE
    stm32f0xx_it.c                           0x00000000   Number         0  stm32f0xx_it.o ABSOLUTE
    system_stm32f0xx.c                       0x00000000   Number         0  system_stm32f0xx.o ABSOLUTE
    RESET                                    0x08000000   Section      180  startup_stm32f030x8.o(RESET)
    .ARM.Collect$$$$00000000                 0x080000b4   Section        0  entry.o(.ARM.Collect$$$$00000000)
    .ARM.Collect$$$$00000001                 0x080000b4   Section        4  entry2.o(.ARM.Collect$$$$00000001)
    .ARM.Collect$$$$00000004                 0x080000b8   Section        4  entry5.o(.ARM.Collect$$$$00000004)
    .ARM.Collect$$$$00000008                 0x080000bc   Section        0  entry7b.o(.ARM.Collect$$$$00000008)
    .ARM.Collect$$$$0000000A                 0x080000bc   Section        0  entry8b.o(.ARM.Collect$$$$0000000A)
    .ARM.Collect$$$$0000000B                 0x080000bc   Section        8  entry9a.o(.ARM.Collect$$$$0000000B)
    __lit__00000000                          0x080000c4   Data           4  entry2.o(.ARM.Collect$$$$00002712)
    .ARM.Collect$$$$0000000D                 0x080000c4   Section        0  entry10a.o(.ARM.Collect$$$$0000000D)
    .ARM.Collect$$$$0000000F                 0x080000c4   Section        0  entry11a.o(.ARM.Collect$$$$0000000F)
    .ARM.Collect$$$$00002712                 0x080000c4   Section        4  entry2.o(.ARM.Collect$$$$00002712)
    .text                                    0x080000c8   Section       28  startup_stm32f030x8.o(.text)
    .text                                    0x080000e4   Section        0  uidiv.o(.text)
    .text                                    0x08000110   Section        0  memseta.o(.text)
    .text                                    0x08000134   Section       36  init.o(.text)
    [Anonymous Symbol]                       0x08000158   Section        0  main.o(.text.Error_Handler)
    [Anonymous Symbol]                       0x08000160   Section        0  stm32f0xx_hal_gpio.o(.text.HAL_GPIO_Init)
    __arm_cp.0_0                             0x080002e8   Number         4  stm32f0xx_hal_gpio.o(.text.HAL_GPIO_Init)
    __arm_cp.0_1                             0x080002ec   Number         4  stm32f0xx_hal_gpio.o(.text.HAL_GPIO_Init)
    __arm_cp.0_3                             0x080002f0   Number         4  stm32f0xx_hal_gpio.o(.text.HAL_GPIO_Init)
    __arm_cp.0_4                             0x080002f4   Number         4  stm32f0xx_hal_gpio.o(.text.HAL_GPIO_Init)
    __arm_cp.0_5                             0x080002f8   Number         4  stm32f0xx_hal_gpio.o(.text.HAL_GPIO_Init)
    [Anonymous Symbol]                       0x080002fc   Section        0  stm32f0xx_hal_gpio.o(.text.HAL_GPIO_WritePin)
    [Anonymous Symbol]                       0x0800030c   Section        0  stm32f0xx_hal.o(.text.HAL_GetTick)
    [Anonymous Symbol]                       0x08000314   Section        0  stm32f0xx_hal.o(.text.HAL_IncTick)
    __arm_cp.5_1                             0x08000324   Number         4  stm32f0xx_hal.o(.text.HAL_IncTick)
    [Anonymous Symbol]                       0x08000328   Section        0  stm32f0xx_hal.o(.text.HAL_Init)
    [Anonymous Symbol]                       0x08000344   Section        0  stm32f0xx_hal.o(.text.HAL_InitTick)
    __arm_cp.1_0                             0x08000380   Number         4  stm32f0xx_hal.o(.text.HAL_InitTick)
    [Anonymous Symbol]                       0x08000384   Section        0  stm32f0xx_hal_msp.o(.text.HAL_MspInit)
    __arm_cp.0_0                             0x080003ac   Number         4  stm32f0xx_hal_msp.o(.text.HAL_MspInit)
    [Anonymous Symbol]                       0x080003b0   Section        0  stm32f0xx_hal_cortex.o(.text.HAL_NVIC_SetPriority)
    [Anonymous Symbol]                       0x080003b8   Section        0  stm32f0xx_hal_rcc_ex.o(.text.HAL_RCCEx_PeriphCLKConfig)
    __arm_cp.0_0                             0x080004ac   Number         4  stm32f0xx_hal_rcc_ex.o(.text.HAL_RCCEx_PeriphCLKConfig)
    __arm_cp.0_1                             0x080004b0   Number         4  stm32f0xx_hal_rcc_ex.o(.text.HAL_RCCEx_PeriphCLKConfig)
    __arm_cp.0_2                             0x080004b4   Number         4  stm32f0xx_hal_rcc_ex.o(.text.HAL_RCCEx_PeriphCLKConfig)
    [Anonymous Symbol]                       0x080004b8   Section        0  stm32f0xx_hal_rcc.o(.text.HAL_RCC_ClockConfig)
    __arm_cp.2_0                             0x080005bc   Number         4  stm32f0xx_hal_rcc.o(.text.HAL_RCC_ClockConfig)
    __arm_cp.2_2                             0x080005c0   Number         4  stm32f0xx_hal_rcc.o(.text.HAL_RCC_ClockConfig)
    __arm_cp.2_3                             0x080005c4   Number         4  stm32f0xx_hal_rcc.o(.text.HAL_RCC_ClockConfig)
    __arm_cp.2_4                             0x080005c8   Number         4  stm32f0xx_hal_rcc.o(.text.HAL_RCC_ClockConfig)
    [Anonymous Symbol]                       0x080005cc   Section        0  stm32f0xx_hal_rcc.o(.text.HAL_RCC_GetSysClockFreq)
    __arm_cp.3_0                             0x08000604   Number         4  stm32f0xx_hal_rcc.o(.text.HAL_RCC_GetSysClockFreq)
    __arm_cp.3_1                             0x08000608   Number         4  stm32f0xx_hal_rcc.o(.text.HAL_RCC_GetSysClockFreq)
    HAL_RCC_GetSysClockFreq.aPLLMULFactorTable 0x0800060c   Number         0  stm32f0xx_hal_rcc.o(.text.HAL_RCC_GetSysClockFreq)
    HAL_RCC_GetSysClockFreq.aPredivFactorTable 0x0800061c   Number         0  stm32f0xx_hal_rcc.o(.text.HAL_RCC_GetSysClockFreq)
    __arm_cp.3_4                             0x0800062c   Number         4  stm32f0xx_hal_rcc.o(.text.HAL_RCC_GetSysClockFreq)
    [Anonymous Symbol]                       0x08000630   Section        0  stm32f0xx_hal_rcc.o(.text.HAL_RCC_OscConfig)
    __arm_cp.1_0                             0x08000a00   Number         4  stm32f0xx_hal_rcc.o(.text.HAL_RCC_OscConfig)
    __arm_cp.1_1                             0x08000a04   Number         4  stm32f0xx_hal_rcc.o(.text.HAL_RCC_OscConfig)
    __arm_cp.1_2                             0x08000a08   Number         4  stm32f0xx_hal_rcc.o(.text.HAL_RCC_OscConfig)
    [Anonymous Symbol]                       0x08000a0c   Section        0  stm32f0xx_hal_rtc.o(.text.HAL_RTC_Init)
    __arm_cp.0_0                             0x08000aa0   Number         4  stm32f0xx_hal_rtc.o(.text.HAL_RTC_Init)
    [Anonymous Symbol]                       0x08000aa4   Section        0  rtc.o(.text.HAL_RTC_MspInit)
    __arm_cp.1_0                             0x08000abc   Number         4  rtc.o(.text.HAL_RTC_MspInit)
    __arm_cp.1_1                             0x08000ac0   Number         4  rtc.o(.text.HAL_RTC_MspInit)
    [Anonymous Symbol]                       0x08000ac4   Section        0  stm32f0xx_hal_rtc.o(.text.HAL_RTC_SetDate)
    [Anonymous Symbol]                       0x08000b5c   Section        0  stm32f0xx_hal_rtc.o(.text.HAL_RTC_SetTime)
    __arm_cp.6_0                             0x08000c24   Number         4  stm32f0xx_hal_rtc.o(.text.HAL_RTC_SetTime)
    __arm_cp.6_1                             0x08000c28   Number         4  stm32f0xx_hal_rtc.o(.text.HAL_RTC_SetTime)
    [Anonymous Symbol]                       0x08000c2c   Section        0  stm32f0xx_hal_rtc.o(.text.HAL_RTC_WaitForSynchro)
    __arm_cp.19_0                            0x08000c58   Number         4  stm32f0xx_hal_rtc.o(.text.HAL_RTC_WaitForSynchro)
    [Anonymous Symbol]                       0x08000c5c   Section        0  stm32f0xx_hal_spi.o(.text.HAL_SPI_Init)
    [Anonymous Symbol]                       0x08000d58   Section        0  spi.o(.text.HAL_SPI_MspInit)
    [Anonymous Symbol]                       0x08000db4   Section        0  stm32f0xx_hal_cortex.o(.text.HAL_SYSTICK_Config)
    __arm_cp.6_0                             0x08000ddc   Number         4  stm32f0xx_hal_cortex.o(.text.HAL_SYSTICK_Config)
    __arm_cp.6_1                             0x08000de0   Number         4  stm32f0xx_hal_cortex.o(.text.HAL_SYSTICK_Config)
    __arm_cp.6_2                             0x08000de4   Number         4  stm32f0xx_hal_cortex.o(.text.HAL_SYSTICK_Config)
    [Anonymous Symbol]                       0x08000de8   Section        0  stm32f0xx_it.o(.text.HardFault_Handler)
    [Anonymous Symbol]                       0x08000dec   Section        0  gpio.o(.text.MX_GPIO_Init)
    __arm_cp.0_0                             0x08000e4c   Number         4  gpio.o(.text.MX_GPIO_Init)
    __arm_cp.0_1                             0x08000e50   Number         4  gpio.o(.text.MX_GPIO_Init)
    [Anonymous Symbol]                       0x08000e54   Section        0  rtc.o(.text.MX_RTC_Init)
    __arm_cp.0_0                             0x08000ebc   Number         4  rtc.o(.text.MX_RTC_Init)
    __arm_cp.0_1                             0x08000ec0   Number         4  rtc.o(.text.MX_RTC_Init)
    __arm_cp.0_2                             0x08000ec4   Number         4  rtc.o(.text.MX_RTC_Init)
    [Anonymous Symbol]                       0x08000ec8   Section        0  spi.o(.text.MX_SPI1_Init)
    __arm_cp.0_0                             0x08000f0c   Number         4  spi.o(.text.MX_SPI1_Init)
    __arm_cp.0_1                             0x08000f10   Number         4  spi.o(.text.MX_SPI1_Init)
    [Anonymous Symbol]                       0x08000f14   Section        0  stm32f0xx_it.o(.text.NMI_Handler)
    [Anonymous Symbol]                       0x08000f16   Section        0  stm32f0xx_it.o(.text.PendSV_Handler)
    [Anonymous Symbol]                       0x08000f18   Section        0  stm32f0xx_hal_rtc.o(.text.RTC_ByteToBcd2)
    [Anonymous Symbol]                       0x08000f44   Section        0  stm32f0xx_hal_rtc.o(.text.RTC_EnterInitMode)
    __arm_cp.2_0                             0x08000f90   Number         4  stm32f0xx_hal_rtc.o(.text.RTC_EnterInitMode)
    [Anonymous Symbol]                       0x08000f94   Section        0  stm32f0xx_hal_rtc.o(.text.RTC_ExitInitMode)
    [Anonymous Symbol]                       0x08000fbe   Section        0  stm32f0xx_it.o(.text.SVC_Handler)
    [Anonymous Symbol]                       0x08000fc0   Section        0  stm32f0xx_it.o(.text.SysTick_Handler)
    [Anonymous Symbol]                       0x08000fc8   Section        0  main.o(.text.SystemClock_Config)
    [Anonymous Symbol]                       0x08001054   Section        0  system_stm32f0xx.o(.text.SystemInit)
    __NVIC_SetPriority                       0x08001059   Thumb Code    64  stm32f0xx_hal_cortex.o(.text.__NVIC_SetPriority)
    [Anonymous Symbol]                       0x08001058   Section        0  stm32f0xx_hal_cortex.o(.text.__NVIC_SetPriority)
    __arm_cp.1_0                             0x08001090   Number         4  stm32f0xx_hal_cortex.o(.text.__NVIC_SetPriority)
    __arm_cp.1_1                             0x08001094   Number         4  stm32f0xx_hal_cortex.o(.text.__NVIC_SetPriority)
    [Anonymous Symbol]                       0x08001098   Section        0  main.o(.text.main)
    i.__scatterload_copy                     0x080010ae   Section       14  handlers.o(i.__scatterload_copy)
    i.__scatterload_null                     0x080010bc   Section        2  handlers.o(i.__scatterload_null)
    i.__scatterload_zeroinit                 0x080010be   Section       14  handlers.o(i.__scatterload_zeroinit)
    [Anonymous Symbol]                       0x20000000   Section        0  stm32f0xx_hal.o(.data..L_MergedGlobals)
    STACK                                    0x20000098   Section     1024  startup_stm32f030x8.o(STACK)

    Global Symbols

    Symbol Name                              Value     Ov Type        Size  Object(Section)

    BuildAttributes$$THM_ISAv3M$S$PE$A:L22$X:L11$S22$IEEE1$IW$~IW$USESV6$~STKCKD$USESV7$~SHL$OSPACE$EBA8$MICROLIB$REQ8$PRES8$EABIv2 0x00000000   Number         0  anon$$obj.o ABSOLUTE
    __cpp_initialize__aeabi_                  - Undefined Weak Reference
    __cxa_finalize                            - Undefined Weak Reference
    __decompress                              - Undefined Weak Reference
    _clock_init                               - Undefined Weak Reference
    _microlib_exit                            - Undefined Weak Reference
    __Vectors_Size                           0x000000b4   Number         0  startup_stm32f030x8.o ABSOLUTE
    __Vectors                                0x08000000   Data           4  startup_stm32f030x8.o(RESET)
    __Vectors_End                            0x080000b4   Data           0  startup_stm32f030x8.o(RESET)
    __main                                   0x080000b5   Thumb Code     0  entry.o(.ARM.Collect$$$$00000000)
    _main_stk                                0x080000b5   Thumb Code     0  entry2.o(.ARM.Collect$$$$00000001)
    _main_scatterload                        0x080000b9   Thumb Code     0  entry5.o(.ARM.Collect$$$$00000004)
    __main_after_scatterload                 0x080000bd   Thumb Code     0  entry5.o(.ARM.Collect$$$$00000004)
    _main_clock                              0x080000bd   Thumb Code     0  entry7b.o(.ARM.Collect$$$$00000008)
    _main_cpp_init                           0x080000bd   Thumb Code     0  entry8b.o(.ARM.Collect$$$$0000000A)
    _main_init                               0x080000bd   Thumb Code     0  entry9a.o(.ARM.Collect$$$$0000000B)
    __rt_final_cpp                           0x080000c5   Thumb Code     0  entry10a.o(.ARM.Collect$$$$0000000D)
    __rt_final_exit                          0x080000c5   Thumb Code     0  entry11a.o(.ARM.Collect$$$$0000000F)
    Reset_Handler                            0x080000c9   Thumb Code     8  startup_stm32f030x8.o(.text)
    ADC1_IRQHandler                          0x080000db   Thumb Code     0  startup_stm32f030x8.o(.text)
    DMA1_Channel1_IRQHandler                 0x080000db   Thumb Code     0  startup_stm32f030x8.o(.text)
    DMA1_Channel2_3_IRQHandler               0x080000db   Thumb Code     0  startup_stm32f030x8.o(.text)
    DMA1_Channel4_5_IRQHandler               0x080000db   Thumb Code     0  startup_stm32f030x8.o(.text)
    EXTI0_1_IRQHandler                       0x080000db   Thumb Code     0  startup_stm32f030x8.o(.text)
    EXTI2_3_IRQHandler                       0x080000db   Thumb Code     0  startup_stm32f030x8.o(.text)
    EXTI4_15_IRQHandler                      0x080000db   Thumb Code     0  startup_stm32f030x8.o(.text)
    FLASH_IRQHandler                         0x080000db   Thumb Code     0  startup_stm32f030x8.o(.text)
    I2C1_IRQHandler                          0x080000db   Thumb Code     0  startup_stm32f030x8.o(.text)
    I2C2_IRQHandler                          0x080000db   Thumb Code     0  startup_stm32f030x8.o(.text)
    RCC_IRQHandler                           0x080000db   Thumb Code     0  startup_stm32f030x8.o(.text)
    RTC_IRQHandler                           0x080000db   Thumb Code     0  startup_stm32f030x8.o(.text)
    SPI1_IRQHandler                          0x080000db   Thumb Code     0  startup_stm32f030x8.o(.text)
    SPI2_IRQHandler                          0x080000db   Thumb Code     0  startup_stm32f030x8.o(.text)
    TIM14_IRQHandler                         0x080000db   Thumb Code     0  startup_stm32f030x8.o(.text)
    TIM15_IRQHandler                         0x080000db   Thumb Code     0  startup_stm32f030x8.o(.text)
    TIM16_IRQHandler                         0x080000db   Thumb Code     0  startup_stm32f030x8.o(.text)
    TIM17_IRQHandler                         0x080000db   Thumb Code     0  startup_stm32f030x8.o(.text)
    TIM1_BRK_UP_TRG_COM_IRQHandler           0x080000db   Thumb Code     0  startup_stm32f030x8.o(.text)
    TIM1_CC_IRQHandler                       0x080000db   Thumb Code     0  startup_stm32f030x8.o(.text)
    TIM3_IRQHandler                          0x080000db   Thumb Code     0  startup_stm32f030x8.o(.text)
    TIM6_IRQHandler                          0x080000db   Thumb Code     0  startup_stm32f030x8.o(.text)
    USART1_IRQHandler                        0x080000db   Thumb Code     0  startup_stm32f030x8.o(.text)
    USART2_IRQHandler                        0x080000db   Thumb Code     0  startup_stm32f030x8.o(.text)
    WWDG_IRQHandler                          0x080000db   Thumb Code     0  startup_stm32f030x8.o(.text)
    __aeabi_uidiv                            0x080000e5   Thumb Code     0  uidiv.o(.text)
    __aeabi_uidivmod                         0x080000e5   Thumb Code    44  uidiv.o(.text)
    __aeabi_memset                           0x08000111   Thumb Code    14  memseta.o(.text)
    __aeabi_memset4                          0x08000111   Thumb Code     0  memseta.o(.text)
    __aeabi_memset8                          0x08000111   Thumb Code     0  memseta.o(.text)
    __aeabi_memclr                           0x0800011f   Thumb Code     4  memseta.o(.text)
    __aeabi_memclr4                          0x0800011f   Thumb Code     0  memseta.o(.text)
    __aeabi_memclr8                          0x0800011f   Thumb Code     0  memseta.o(.text)
    _memset$wrapper                          0x08000123   Thumb Code    18  memseta.o(.text)
    __scatterload                            0x08000135   Thumb Code    28  init.o(.text)
    __scatterload_rt2                        0x08000135   Thumb Code     0  init.o(.text)
    Error_Handler                            0x08000159   Thumb Code     8  main.o(.text.Error_Handler)
    HAL_GPIO_Init                            0x08000161   Thumb Code   416  stm32f0xx_hal_gpio.o(.text.HAL_GPIO_Init)
    HAL_GPIO_WritePin                        0x080002fd   Thumb Code    14  stm32f0xx_hal_gpio.o(.text.HAL_GPIO_WritePin)
    HAL_GetTick                              0x0800030d   Thumb Code    12  stm32f0xx_hal.o(.text.HAL_GetTick)
    HAL_IncTick                              0x08000315   Thumb Code    24  stm32f0xx_hal.o(.text.HAL_IncTick)
    HAL_Init                                 0x08000329   Thumb Code    32  stm32f0xx_hal.o(.text.HAL_Init)
    HAL_InitTick                             0x08000345   Thumb Code    68  stm32f0xx_hal.o(.text.HAL_InitTick)
    HAL_MspInit                              0x08000385   Thumb Code    44  stm32f0xx_hal_msp.o(.text.HAL_MspInit)
    HAL_NVIC_SetPriority                     0x080003b1   Thumb Code     8  stm32f0xx_hal_cortex.o(.text.HAL_NVIC_SetPriority)
    HAL_RCCEx_PeriphCLKConfig                0x080003b9   Thumb Code   260  stm32f0xx_hal_rcc_ex.o(.text.HAL_RCCEx_PeriphCLKConfig)
    HAL_RCC_ClockConfig                      0x080004b9   Thumb Code   280  stm32f0xx_hal_rcc.o(.text.HAL_RCC_ClockConfig)
    HAL_RCC_GetSysClockFreq                  0x080005cd   Thumb Code   100  stm32f0xx_hal_rcc.o(.text.HAL_RCC_GetSysClockFreq)
    HAL_RCC_OscConfig                        0x08000631   Thumb Code   988  stm32f0xx_hal_rcc.o(.text.HAL_RCC_OscConfig)
    HAL_RTC_Init                             0x08000a0d   Thumb Code   152  stm32f0xx_hal_rtc.o(.text.HAL_RTC_Init)
    HAL_RTC_MspInit                          0x08000aa5   Thumb Code    32  rtc.o(.text.HAL_RTC_MspInit)
    HAL_RTC_SetDate                          0x08000ac5   Thumb Code   156  stm32f0xx_hal_rtc.o(.text.HAL_RTC_SetDate)
    HAL_RTC_SetTime                          0x08000b5d   Thumb Code   208  stm32f0xx_hal_rtc.o(.text.HAL_RTC_SetTime)
    HAL_RTC_WaitForSynchro                   0x08000c2d   Thumb Code    52  stm32f0xx_hal_rtc.o(.text.HAL_RTC_WaitForSynchro)
    HAL_SPI_Init                             0x08000c5d   Thumb Code   250  stm32f0xx_hal_spi.o(.text.HAL_SPI_Init)
    HAL_SPI_MspInit                          0x08000d59   Thumb Code   100  spi.o(.text.HAL_SPI_MspInit)
    HAL_SYSTICK_Config                       0x08000db5   Thumb Code    52  stm32f0xx_hal_cortex.o(.text.HAL_SYSTICK_Config)
    HardFault_Handler                        0x08000de9   Thumb Code     2  stm32f0xx_it.o(.text.HardFault_Handler)
    MX_GPIO_Init                             0x08000ded   Thumb Code   104  gpio.o(.text.MX_GPIO_Init)
    MX_RTC_Init                              0x08000e55   Thumb Code   116  rtc.o(.text.MX_RTC_Init)
    MX_SPI1_Init                             0x08000ec9   Thumb Code    76  spi.o(.text.MX_SPI1_Init)
    NMI_Handler                              0x08000f15   Thumb Code     2  stm32f0xx_it.o(.text.NMI_Handler)
    PendSV_Handler                           0x08000f17   Thumb Code     2  stm32f0xx_it.o(.text.PendSV_Handler)
    RTC_ByteToBcd2                           0x08000f19   Thumb Code    42  stm32f0xx_hal_rtc.o(.text.RTC_ByteToBcd2)
    RTC_EnterInitMode                        0x08000f45   Thumb Code    80  stm32f0xx_hal_rtc.o(.text.RTC_EnterInitMode)
    RTC_ExitInitMode                         0x08000f95   Thumb Code    42  stm32f0xx_hal_rtc.o(.text.RTC_ExitInitMode)
    SVC_Handler                              0x08000fbf   Thumb Code     2  stm32f0xx_it.o(.text.SVC_Handler)
    SysTick_Handler                          0x08000fc1   Thumb Code     8  stm32f0xx_it.o(.text.SysTick_Handler)
    SystemClock_Config                       0x08000fc9   Thumb Code   140  main.o(.text.SystemClock_Config)
    SystemInit                               0x08001055   Thumb Code     2  system_stm32f0xx.o(.text.SystemInit)
    main                                     0x08001099   Thumb Code    22  main.o(.text.main)
    __scatterload_copy                       0x080010af   Thumb Code    14  handlers.o(i.__scatterload_copy)
    __scatterload_null                       0x080010bd   Thumb Code     2  handlers.o(i.__scatterload_null)
    __scatterload_zeroinit                   0x080010bf   Thumb Code    14  handlers.o(i.__scatterload_zeroinit)
    AHBPrescTable                            0x080010cc   Data          16  system_stm32f0xx.o(.rodata.AHBPrescTable)
    Region$$Table$$Base                      0x080010dc   Number         0  anon$$obj.o(Region$$Table)
    Region$$Table$$Limit                     0x080010fc   Number         0  anon$$obj.o(Region$$Table)
    uwTickFreq                               0x20000000   Data           1  stm32f0xx_hal.o(.data..L_MergedGlobals)
    uwTickPrio                               0x20000004   Data           4  stm32f0xx_hal.o(.data..L_MergedGlobals)
    SystemCoreClock                          0x20000008   Data           4  system_stm32f0xx.o(.data.SystemCoreClock)
    hrtc                                     0x20000010   Data          32  rtc.o(.bss.hrtc)
    hspi1                                    0x20000030   Data         100  spi.o(.bss.hspi1)
    uwTick                                   0x20000094   Data           4  stm32f0xx_hal.o(.bss.uwTick)
    __initial_sp                             0x20000498   Data           0  startup_stm32f030x8.o(STACK)



==============================================================================

Memory Map of the image

  Image Entry point : 0x080000b5

  Load Region LR_IROM1 (Base: 0x08000000, Size: 0x00001110, Max: 0x00010000, ABSOLUTE)

    Execution Region ER_IROM1 (Exec base: 0x08000000, Load base: 0x08000000, Size: 0x000010fc, Max: 0x00010000, ABSOLUTE)

    Exec Addr    Load Addr    Size         Type   Attr      Idx    E Section Name        Object

    0x08000000   0x08000000   0x000000b4   Data   RO            3    RESET               startup_stm32f030x8.o
    0x080000b4   0x080000b4   0x00000000   Code   RO          873  * .ARM.Collect$$$$00000000  mc_p.l(entry.o)
    0x080000b4   0x080000b4   0x00000004   Code   RO          882    .ARM.Collect$$$$00000001  mc_p.l(entry2.o)
    0x080000b8   0x080000b8   0x00000004   Code   RO          885    .ARM.Collect$$$$00000004  mc_p.l(entry5.o)
    0x080000bc   0x080000bc   0x00000000   Code   RO          887    .ARM.Collect$$$$00000008  mc_p.l(entry7b.o)
    0x080000bc   0x080000bc   0x00000000   Code   RO          889    .ARM.Collect$$$$0000000A  mc_p.l(entry8b.o)
    0x080000bc   0x080000bc   0x00000008   Code   RO          890    .ARM.Collect$$$$0000000B  mc_p.l(entry9a.o)
    0x080000c4   0x080000c4   0x00000000   Code   RO          892    .ARM.Collect$$$$0000000D  mc_p.l(entry10a.o)
    0x080000c4   0x080000c4   0x00000000   Code   RO          894    .ARM.Collect$$$$0000000F  mc_p.l(entry11a.o)
    0x080000c4   0x080000c4   0x00000004   Code   RO          883    .ARM.Collect$$$$00002712  mc_p.l(entry2.o)
    0x080000c8   0x080000c8   0x0000001c   Code   RO            4    .text               startup_stm32f030x8.o
    0x080000e4   0x080000e4   0x0000002c   Code   RO          876    .text               mc_p.l(uidiv.o)
    0x08000110   0x08000110   0x00000024   Code   RO          880    .text               mc_p.l(memseta.o)
    0x08000134   0x08000134   0x00000024   Code   RO          896    .text               mc_p.l(init.o)
    0x08000158   0x08000158   0x00000008   Code   RO           15    .text.Error_Handler  main.o
    0x08000160   0x08000160   0x0000019c   Code   RO          502    .text.HAL_GPIO_Init  stm32f0xx_hal_gpio.o
    0x080002fc   0x080002fc   0x0000000e   Code   RO          508    .text.HAL_GPIO_WritePin  stm32f0xx_hal_gpio.o
    0x0800030a   0x0800030a   0x00000002   PAD
    0x0800030c   0x0800030c   0x00000008   Code   RO          273    .text.HAL_GetTick   stm32f0xx_hal.o
    0x08000314   0x08000314   0x00000014   Code   RO          271    .text.HAL_IncTick   stm32f0xx_hal.o
    0x08000328   0x08000328   0x0000001c   Code   RO          261    .text.HAL_Init      stm32f0xx_hal.o
    0x08000344   0x08000344   0x00000040   Code   RO          263    .text.HAL_InitTick  stm32f0xx_hal.o
    0x08000384   0x08000384   0x0000002c   Code   RO           87    .text.HAL_MspInit   stm32f0xx_hal_msp.o
    0x080003b0   0x080003b0   0x00000008   Code   RO          562    .text.HAL_NVIC_SetPriority  stm32f0xx_hal_cortex.o
    0x080003b8   0x080003b8   0x00000100   Code   RO          246    .text.HAL_RCCEx_PeriphCLKConfig  stm32f0xx_hal_rcc_ex.o
    0x080004b8   0x080004b8   0x00000114   Code   RO          215    .text.HAL_RCC_ClockConfig  stm32f0xx_hal_rcc.o
    0x080005cc   0x080005cc   0x00000064   Code   RO          217    .text.HAL_RCC_GetSysClockFreq  stm32f0xx_hal_rcc.o
    0x08000630   0x08000630   0x000003dc   Code   RO          213    .text.HAL_RCC_OscConfig  stm32f0xx_hal_rcc.o
    0x08000a0c   0x08000a0c   0x00000098   Code   RO           97    .text.HAL_RTC_Init  stm32f0xx_hal_rtc.o
    0x08000aa4   0x08000aa4   0x00000020   Code   RO           39    .text.HAL_RTC_MspInit  rtc.o
    0x08000ac4   0x08000ac4   0x00000098   Code   RO          117    .text.HAL_RTC_SetDate  stm32f0xx_hal_rtc.o
    0x08000b5c   0x08000b5c   0x000000d0   Code   RO          109    .text.HAL_RTC_SetTime  stm32f0xx_hal_rtc.o
    0x08000c2c   0x08000c2c   0x00000030   Code   RO          135    .text.HAL_RTC_WaitForSynchro  stm32f0xx_hal_rtc.o
    0x08000c5c   0x08000c5c   0x000000fa   Code   RO          725    .text.HAL_SPI_Init  stm32f0xx_hal_spi.o
    0x08000d56   0x08000d56   0x00000002   PAD
    0x08000d58   0x08000d58   0x0000005c   Code   RO           55    .text.HAL_SPI_MspInit  spi.o
    0x08000db4   0x08000db4   0x00000034   Code   RO          574    .text.HAL_SYSTICK_Config  stm32f0xx_hal_cortex.o
    0x08000de8   0x08000de8   0x00000002   Code   RO           71    .text.HardFault_Handler  stm32f0xx_it.o
    0x08000dea   0x08000dea   0x00000002   PAD
    0x08000dec   0x08000dec   0x00000068   Code   RO           27    .text.MX_GPIO_Init  gpio.o
    0x08000e54   0x08000e54   0x00000074   Code   RO           37    .text.MX_RTC_Init   rtc.o
    0x08000ec8   0x08000ec8   0x0000004c   Code   RO           53    .text.MX_SPI1_Init  spi.o
    0x08000f14   0x08000f14   0x00000002   Code   RO           69    .text.NMI_Handler   stm32f0xx_it.o
    0x08000f16   0x08000f16   0x00000002   Code   RO           75    .text.PendSV_Handler  stm32f0xx_it.o
    0x08000f18   0x08000f18   0x0000002a   Code   RO          111    .text.RTC_ByteToBcd2  stm32f0xx_hal_rtc.o
    0x08000f42   0x08000f42   0x00000002   PAD
    0x08000f44   0x08000f44   0x00000050   Code   RO          101    .text.RTC_EnterInitMode  stm32f0xx_hal_rtc.o
    0x08000f94   0x08000f94   0x0000002a   Code   RO          103    .text.RTC_ExitInitMode  stm32f0xx_hal_rtc.o
    0x08000fbe   0x08000fbe   0x00000002   Code   RO           73    .text.SVC_Handler   stm32f0xx_it.o
    0x08000fc0   0x08000fc0   0x00000008   Code   RO           77    .text.SysTick_Handler  stm32f0xx_it.o
    0x08000fc8   0x08000fc8   0x0000008c   Code   RO           13    .text.SystemClock_Config  main.o
    0x08001054   0x08001054   0x00000002   Code   RO          858    .text.SystemInit    system_stm32f0xx.o
    0x08001056   0x08001056   0x00000002   PAD
    0x08001058   0x08001058   0x00000040   Code   RO          564    .text.__NVIC_SetPriority  stm32f0xx_hal_cortex.o
    0x08001098   0x08001098   0x00000016   Code   RO           11    .text.main          main.o
    0x080010ae   0x080010ae   0x0000000e   Code   RO          900    i.__scatterload_copy  mc_p.l(handlers.o)
    0x080010bc   0x080010bc   0x00000002   Code   RO          901    i.__scatterload_null  mc_p.l(handlers.o)
    0x080010be   0x080010be   0x0000000e   Code   RO          902    i.__scatterload_zeroinit  mc_p.l(handlers.o)
    0x080010cc   0x080010cc   0x00000010   Data   RO          863    .rodata.AHBPrescTable  system_stm32f0xx.o
    0x080010dc   0x080010dc   0x00000020   Data   RO          899    Region$$Table       anon$$obj.o


    Execution Region RW_IRAM1 (Exec base: 0x20000000, Load base: 0x08001100, Size: 0x00000498, Max: 0x00002000, ABSOLUTE)

    Exec Addr    Load Addr    Size         Type   Attr      Idx    E Section Name        Object

    0x20000000   0x08001100   0x00000008   Data   RW          308    .data..L_MergedGlobals  stm32f0xx_hal.o
    0x20000008   0x08001108   0x00000004   Data   RW          862    .data.SystemCoreClock  system_stm32f0xx.o
    0x2000000c   0x0800110c   0x00000004   PAD
    0x20000010        -       0x00000020   Zero   RW           43    .bss.hrtc           rtc.o
    0x20000030        -       0x00000064   Zero   RW           59    .bss.hspi1          spi.o
    0x20000094        -       0x00000004   Zero   RW          307    .bss.uwTick         stm32f0xx_hal.o
    0x20000098        -       0x00000400   Zero   RW            1    STACK               startup_stm32f030x8.o


==============================================================================

Image component sizes


      Code (inc. data)   RO Data    RW Data    ZI Data      Debug   Object Name

       104          8          0          0          0       1708   gpio.o
       170          0          0          0          0       2030   main.o
       148         20          0          0         32       2928   rtc.o
       168          8          0          0        100       4397   spi.o
        28          8        180          0       1024        588   startup_stm32f030x8.o
       120          8          0          8          4       5235   stm32f0xx_hal.o
       124         20          0          0          0       5231   stm32f0xx_hal_cortex.o
       426         20          0          0          0       4609   stm32f0xx_hal_gpio.o
        44          4          0          0          0        991   stm32f0xx_hal_msp.o
      1364         72          0          0          0       6952   stm32f0xx_hal_rcc.o
       256         12          0          0          0       2916   stm32f0xx_hal_rcc_ex.o
       724         20          0          0          0      11037   stm32f0xx_hal_rtc.o
       250          0          0          0          0      21614   stm32f0xx_hal_spi.o
        16          0          0          0          0        685   stm32f0xx_it.o
         2          0         16          4          0       1619   system_stm32f0xx.o

    ----------------------------------------------------------------------
      3954        200        228         12       1164      72540   Object Totals
         0          0         32          0          0          0   (incl. Generated)
        10          0          0          0          4          0   (incl. Padding)

    ----------------------------------------------------------------------

      Code (inc. data)   RO Data    RW Data    ZI Data      Debug   Library Member Name

         0          0          0          0          0          0   entry.o
         0          0          0          0          0          0   entry10a.o
         0          0          0          0          0          0   entry11a.o
         8          4          0          0          0          0   entry2.o
         4          0          0          0          0          0   entry5.o
         0          0          0          0          0          0   entry7b.o
         0          0          0          0          0          0   entry8b.o
         8          4          0          0          0          0   entry9a.o
        30          0          0          0          0          0   handlers.o
        36          8          0          0          0         68   init.o
        36          0          0          0          0        100   memseta.o
        44          0          0          0          0         72   uidiv.o

    ----------------------------------------------------------------------
       166         16          0          0          0        240   Library Totals
         0          0          0          0          0          0   (incl. Padding)

    ----------------------------------------------------------------------

      Code (inc. data)   RO Data    RW Data    ZI Data      Debug   Library Name

       166         16          0          0          0        240   mc_p.l

    ----------------------------------------------------------------------
       166         16          0          0          0        240   Library Totals

    ----------------------------------------------------------------------

==============================================================================


      Code (inc. data)   RO Data    RW Data    ZI Data      Debug   

      4120        216        228         12       1164      72680   Grand Totals
      4120        216        228         12       1164      72680   ELF Image Totals
      4120        216        228         12          0          0   ROM Totals

==============================================================================

    Total RO  Size (Code + RO Data)                 4348 (   4.25kB)
    Total RW  Size (RW Data + ZI Data)              1176 (   1.15kB)
    Total ROM Size (Code + RO Data + RW Data)       4360 (   4.26kB)

==============================================================================

